Archive member included to satisfy reference by file (symbol)

/opt/devkitpro/devkitA64/bin/../lib/gcc/aarch64-none-elf/13.2.0/../../../../aarch64-none-elf/lib/pic/libstdc++.a(del_ops.o)
                              CMakeFiles/bdspexefs.dir/src/CoreParam.cpp.obj (operator delete(void*, unsigned long))
/opt/devkitpro/devkitA64/bin/../lib/gcc/aarch64-none-elf/13.2.0/../../../../aarch64-none-elf/lib/pic/libstdc++.a(eh_personality.o)
                              CMakeFiles/bdspexefs.dir/src/CoreParam.cpp.obj (__gxx_personality_v0)
/opt/devkitpro/devkitA64/bin/../lib/gcc/aarch64-none-elf/13.2.0/../../../../aarch64-none-elf/lib/pic/libstdc++.a(eh_terminate.o)
                              /opt/devkitpro/devkitA64/bin/../lib/gcc/aarch64-none-elf/13.2.0/../../../../aarch64-none-elf/lib/pic/libstdc++.a(eh_personality.o) (__cxxabiv1::__terminate(void (*)()))
/opt/devkitpro/devkitA64/bin/../lib/gcc/aarch64-none-elf/13.2.0/../../../../aarch64-none-elf/lib/pic/libstdc++.a(eh_throw.o)
                              /opt/devkitpro/devkitA64/bin/../lib/gcc/aarch64-none-elf/13.2.0/../../../../aarch64-none-elf/lib/pic/libstdc++.a(eh_personality.o) (__cxa_throw)
/opt/devkitpro/devkitA64/bin/../lib/gcc/aarch64-none-elf/13.2.0/../../../../aarch64-none-elf/lib/pic/libstdc++.a(eh_unex_handler.o)
                              /opt/devkitpro/devkitA64/bin/../lib/gcc/aarch64-none-elf/13.2.0/../../../../aarch64-none-elf/lib/pic/libstdc++.a(eh_terminate.o) (__cxxabiv1::__unexpected_handler)
/opt/devkitpro/devkitA64/bin/../lib/gcc/aarch64-none-elf/13.2.0/../../../../aarch64-none-elf/lib/pic/libstdc++.a(functexcept.o)
                              CMakeFiles/bdspexefs.dir/src/CoreParam.cpp.obj (std::__throw_length_error(char const*))
/opt/devkitpro/devkitA64/bin/../lib/gcc/aarch64-none-elf/13.2.0/../../../../aarch64-none-elf/lib/pic/libstdc++.a(bad_alloc.o)
                              /opt/devkitpro/devkitA64/bin/../lib/gcc/aarch64-none-elf/13.2.0/../../../../aarch64-none-elf/lib/pic/libstdc++.a(functexcept.o) (vtable for std::bad_alloc)
/opt/devkitpro/devkitA64/bin/../lib/gcc/aarch64-none-elf/13.2.0/../../../../aarch64-none-elf/lib/pic/libstdc++.a(bad_array_new.o)
                              /opt/devkitpro/devkitA64/bin/../lib/gcc/aarch64-none-elf/13.2.0/../../../../aarch64-none-elf/lib/pic/libstdc++.a(functexcept.o) (vtable for std::bad_array_new_length)
/opt/devkitpro/devkitA64/bin/../lib/gcc/aarch64-none-elf/13.2.0/../../../../aarch64-none-elf/lib/pic/libstdc++.a(bad_cast.o)
                              /opt/devkitpro/devkitA64/bin/../lib/gcc/aarch64-none-elf/13.2.0/../../../../aarch64-none-elf/lib/pic/libstdc++.a(functexcept.o) (vtable for std::bad_cast)
/opt/devkitpro/devkitA64/bin/../lib/gcc/aarch64-none-elf/13.2.0/../../../../aarch64-none-elf/lib/pic/libstdc++.a(bad_typeid.o)
                              /opt/devkitpro/devkitA64/bin/../lib/gcc/aarch64-none-elf/13.2.0/../../../../aarch64-none-elf/lib/pic/libstdc++.a(functexcept.o) (vtable for std::bad_typeid)
/opt/devkitpro/devkitA64/bin/../lib/gcc/aarch64-none-elf/13.2.0/../../../../aarch64-none-elf/lib/pic/libstdc++.a(eh_alloc.o)
                              /opt/devkitpro/devkitA64/bin/../lib/gcc/aarch64-none-elf/13.2.0/../../../../aarch64-none-elf/lib/pic/libstdc++.a(eh_personality.o) (__cxa_allocate_exception)
/opt/devkitpro/devkitA64/bin/../lib/gcc/aarch64-none-elf/13.2.0/../../../../aarch64-none-elf/lib/pic/libstdc++.a(eh_call.o)
                              /opt/devkitpro/devkitA64/bin/../lib/gcc/aarch64-none-elf/13.2.0/../../../../aarch64-none-elf/lib/pic/libstdc++.a(eh_personality.o) (__cxa_call_terminate)
/opt/devkitpro/devkitA64/bin/../lib/gcc/aarch64-none-elf/13.2.0/../../../../aarch64-none-elf/lib/pic/libstdc++.a(eh_catch.o)
                              /opt/devkitpro/devkitA64/bin/../lib/gcc/aarch64-none-elf/13.2.0/../../../../aarch64-none-elf/lib/pic/libstdc++.a(eh_personality.o) (__cxa_begin_catch)
/opt/devkitpro/devkitA64/bin/../lib/gcc/aarch64-none-elf/13.2.0/../../../../aarch64-none-elf/lib/pic/libstdc++.a(eh_exception.o)
                              /opt/devkitpro/devkitA64/bin/../lib/gcc/aarch64-none-elf/13.2.0/../../../../aarch64-none-elf/lib/pic/libstdc++.a(bad_alloc.o) (std::exception::~exception())
/opt/devkitpro/devkitA64/bin/../lib/gcc/aarch64-none-elf/13.2.0/../../../../aarch64-none-elf/lib/pic/libstdc++.a(eh_globals.o)
                              /opt/devkitpro/devkitA64/bin/../lib/gcc/aarch64-none-elf/13.2.0/../../../../aarch64-none-elf/lib/pic/libstdc++.a(eh_personality.o) (__cxa_get_globals_fast)
/opt/devkitpro/devkitA64/bin/../lib/gcc/aarch64-none-elf/13.2.0/../../../../aarch64-none-elf/lib/pic/libstdc++.a(eh_term_handler.o)
                              /opt/devkitpro/devkitA64/bin/../lib/gcc/aarch64-none-elf/13.2.0/../../../../aarch64-none-elf/lib/pic/libstdc++.a(eh_terminate.o) (__cxxabiv1::__terminate_handler)
[...]
Memory Configuration

Name             Origin             Length             Attributes
*default*        0x0000000000000000 0xffffffffffffffff

Linker script and memory map

                0xfffffffffcfc20c0                _Z13Array_IndexOfPN6System5ArrayIiEEiP10MethodInfo = 0xfffffffffcfc20c0
                0xfffffffffaba7b00                _Z17_system_array_newPvj = 0xfffffffffaba7b00
                0xfffffffffab5e700                _Z17il2cpp_object_newPv = 0xfffffffffab5e700
                0xfffffffffab8a6e0                _Z18_system_array_initPv = 0xfffffffffab8a6e0
                0xfffffffffab8a6e0                _Z18il2cpp_object_initPvS_ = 0xfffffffffab8a6e0
                0xfffffffffab4afd8                _Z20thunk_FUN_7100252fd8PvS_ = 0xfffffffffab4afd8
                0xfffffffffab5cfe0                _Z21_system_load_typeinfoPv = 0xfffffffffab5cfe0
                0xfffffffffab55428                _Z25il2cpp_runtime_class_initPv = 0xfffffffffab55428
                0xfffffffffcff33e0                _Z27System_String__CreateStringPvS_S_ = 0xfffffffffcff33e0
                0xfffffffffae7c8d0                _ZdaPv = 0xfffffffffae7c8d0
                0xfffffffffae7c5c0                _ZdlPv = 0xfffffffffae7c5c0
                0xfffffffffd5e6a50                _ZN10PlayerWork10get_zoneIDEP10MethodInfo = 0xfffffffffd5e6a50
                0xfffffffffd5e5a30                _ZN10PlayerWork12GetSytemFlagEiP10MethodInfo = 0xfffffffffd5e5a30
                0xfffffffffd5e3000                _ZN10PlayerWork14InitializationEP10MethodInfo = 0xfffffffffd5e3000
                0xfffffffffd5e9bd0                _ZN10PlayerWork17get_tr_battleDataEv = 0xfffffffffd5e9bd0
                0xfffffffffd5dae20                _ZN10PlayerWork6GetIntEiP10MethodInfo = 0xfffffffffd5dae20
                0xfffffffffd5e5920                _ZN10PlayerWork6SetIntEiiP10MethodInfo = 0xfffffffffd5e5920
                0xfffffffffd5dbe40                _ZN10PlayerWork7GetBoolEiP10MethodInfo = 0xfffffffffd5dbe40
                0xfffffffffd5e59a0                _ZN10PlayerWork7SetBoolEibP10MethodInfo = 0xfffffffffd5e59a0
                0xfffffffffd5e9040                _ZN10PlayerWork9get_zukanEPN6DPData12ZUKAN_WORK_oEP10MethodInfo = 0xfffffffffd5e9040
                0xfffffffffc383f60                _ZN10PlayerWork9LoadBytesEP17System_Byte_arrayP21PlayerWork_SaveData_oP10MethodInfo = 0xfffffffffc383f60
                0xfffffffffcc1a450                _ZN10SmartPoint14AssetAssistant22SingletonMonoBehaviour12get_InstanceEP10MethodInfo = 0xfffffffffcc1a450
                0xffffffffff46e2a0                _ZN10SmartPoint14AssetAssistant49PTR_SingletonMonoBehaviour_UIManager_get_InstanceE = 0xffffffffff46e2a0
                0xfffffffffd5c9150                _ZN11GameManager19GetFieldEncountDataEiP10MethodInfo = 0xfffffffffd5c9150
                0xfffffffffd5c8c60                _ZN11GameManager22get_currentPeriodOfDayEP10MethodInfo = 0xfffffffffd5c8c60
                0xfffffffffc097560                _ZN14FieldManager_o9GetFormNoEiiiP10MethodInfo = 0xfffffffffc097560
                0xfffffffffc6c9940                _ZN15Dpr_UI_UIText_o12SetupMessageEPN6System6StringEiP10MethodInfo = 0xfffffffffc6c9940
                0xfffffffffccf6b30                _ZN15System_Action_o4ctorEPN3Dpr2UI27UIBag_Displayclass_Locals_oEP10MethodInfoS5_ = 0xfffffffffccf6b30
                0xfffffffffd36b8c0                _ZN17ContextMenuIDList3AddEiP10MethodInfo = 0xfffffffffd36b8c0
                0xfffffffffd36ac00                _ZN17ContextMenuIDList4ctorEP10MethodInfo = 0xfffffffffd36ac00
                0xfffffffffd36d910                _ZN17ContextMenuIDList7ToArrayEP10MethodInfo = 0xfffffffffd36d910
                0xfffffffffc02b928                _ZN2nn2fs8OpenFileEPNS0_10FileHandleEPKci = 0xfffffffffc02b928
                0xfffffffffcf279a0                _ZN30System_Action_ContextMenuID__o4ctorEPN3Dpr2UI23UIBag_Displayclass144_oEP10MethodInfoS5_ = 0xfffffffffcf279a0
                0xfffffffffcf35a10                _ZN31System_Action_WazaNo__WazaNo__o4ctorEPvP10MethodInfoS2_ = 0xfffffffffcf35a10
                0xfffffffffc1b7210                _ZN3Dpr11UnderGround15UgPokeLottery_o14GetEnablePokesEiiP10MethodInfo = 0xfffffffffc1b7210
                0xfffffffffc1b7ea0                _ZN3Dpr11UnderGround15UgPokeLottery_o29CreatePokemonParam_by_TokuseiEihP10MethodInfo = 0xfffffffffc1b7ea0
                0xfffffffffd532ab0                _ZN3Dpr12EncountTools18SetWildPokemonItemEPN3Pml8PokePara9CoreParamEiiiP10MethodInfo = 0xfffffffffd532ab0
                0xfffffffffc6d7370                _ZN3Dpr2Nx10SaveSystem13GetLoadedDataEP10MethodInfo = 0xfffffffffc6d7370
                0xfffffffffc6d7cf0                _ZN3Dpr2Nx10SaveSystem14SaveDataExistsEP10MethodInfo = 0xfffffffffc6d7cf0
                0xfffffffffc6d7910                _ZN3Dpr2Nx10SaveSystem4LoadEbP10MethodInfo = 0xfffffffffc6d7910
                0xffffffffff5580b8                _ZN3Dpr2Nx19SaveSystem_TypeInfoE = 0xffffffffff5580b8
                0xfffffffffc32d2a0                _ZN3Dpr2UI10UIWindow_o12IsPushButtonEibP10MethodInfo = 0xfffffffffc32d2a0
                0xfffffffffc5f1f20                _ZN3Dpr2UI11UIManager_o14CreateUIWindowE10UIWindowIDP10MethodInfo = 0xfffffffffc5f1f20
                0xfffffffffc0bd890                _ZN3Dpr2UI11UIManager_o15UseDSPlayerItemEP10MethodInfo = 0xfffffffffc0bd890
                0xfffffffffc6cbd80                _ZN3Dpr2UI14UIWazaManage_o4OpenENS0_20UIWazaManage_Param_oEP10MethodInfo = 0xfffffffffc6cbd80
                0xfffffffffc2f24f0                _ZN3Dpr2UI15PokemonWindow_o9FieldWazaEiPNS0_18PokemonPartyItem_oEiP10MethodInfo = 0xfffffffffc2f24f0
                0xfffffffffc1405e0                _ZN3Dpr2UI18SoftwareKeyboard_o14GetMessageTextEPN6System6StringEP10MethodInfo = 0xfffffffffc1405e0
                0xfffffffffc142650                _ZN3Dpr2UI18SoftwareKeyboard_o17LanguageMaxLengthEiiP10MethodInfo = 0xfffffffffc142650
                0xfffffffffc140e70                _ZN3Dpr2UI18SoftwareKeyboard_o4OpenEPNS0_24SoftwareKeyboard_Param_oEP76System_Func_string__SoftwareKeyboard_ErrorState__ValueTuple_bool__string___oP46UnityEngine_Events_UnityAction_bool__string__oP10MethodInfo = 0xfffffffffc140e70
                0xfffffffffc7b6e30                _ZN3Dpr2UI23ContextMenuItem_Param_o4ctorEv = 0xfffffffffc7b6e30
                0xfffffffffc30b3c0                _ZN3Dpr2UI23UIMsgWindowController_o13OpenMsgWindowEiPN6System6StringEbbP15System_Action_oS6_P10MethodInfo = 0xfffffffffc30b3c0
                0xfffffffffc30b610                _ZN3Dpr2UI23UIMsgWindowController_o14CloseMsgWindowEP10MethodInfo = 0xfffffffffc30b610
                0xfffffffffc142be0                _ZN3Dpr2UI24SoftwareKeyboard_Param_o4ctorEP10MethodInfo = 0xfffffffffc142be0
                0xfffffffffc339ca0                _ZN3Dpr2UI24WazaManageSubWazaPanel_o5SetupEiP10MethodInfo = 0xfffffffffc339ca0
                0xffffffffff556788                _ZN3Dpr2UI30ContextMenuItem_Param_TypeInfoE = 0xffffffffff556788
                0xffffffffff55a840                _ZN3Dpr2UI30UIBag_Displayclass144_TypeInfoE = 0xffffffffff55a840
                0xffffffffff47c1a8                _ZN3Dpr2UI35PTR_SoftwareKeyboard_Param_TypeInfoE = 0xffffffffff47c1a8
                0xffffffffff473088                _ZN3Dpr2UI39PTR_ShopBoutiqueItemItem_Param_TypeInfoE = 0xffffffffff473088
                0xffffffffff473e90                _ZN3Dpr2UI41PTR_UIManager_CreateUIWindow_UIWazaManageE = 0xffffffffff473e90
                0xfffffffffc4d8fa0                _ZN3Dpr2UI5UIBag15DisplayClass13015UseWazaMachine3EiP10MethodInfo = 0xfffffffffc4d8fa0
                0xfffffffffc1541f0                _ZN3Dpr2UI7UIBag_o15OpenContextMenuEPN6System5ArrayIiEEP30System_Action_ContextMenuID__o21UnityEngine_Vector2_o21UnityEngine_Vector3_oP15System_Action_obbP10MethodInfo = 0xfffffffffc1541f0
                0xfffffffffc59e1f0                _ZN3Dpr4Item10ItemInfo_o6get_IdEP10MethodInfo = 0xfffffffffc59e1f0
                0xfffffffffc59dcc0                _ZN3Dpr4Item10ItemInfo_o9get_countEP10MethodInfo = 0xfffffffffc59dcc0
                0xfffffffffc92e060                _ZN3Dpr6Battle5Logic10MainModule16PokeIDtoClientIDEhP10MethodInfo = 0xfffffffffc92e060
                0xfffffffffc93a560                _ZN3Dpr6Battle5Logic10PokeAction9GetWazaIDEPNS1_12PokeAction_oEP10MethodInfo = 0xfffffffffc93a560
                0xfffffffffc86a0f0                _ZN3Dpr6Battle5Logic10StrParam_o5SetupEitP10MethodInfo = 0xfffffffffc86a0f0
                0xfffffffffc86a130                _ZN3Dpr6Battle5Logic10StrParam_o6AddArgEiP10MethodInfo = 0xfffffffffc86a130
                0xfffffffffc174710                _ZN3Dpr6Battle5Logic11BattleEnv_o19GetSideEffectStatusEiiP10MethodInfo = 0xfffffffffc174710
                0xfffffffffc8d1c40                _ZN3Dpr6Battle5Logic11BTL_PARTY_o18GetMemberDataConstEhP10MethodInfo = 0xfffffffffc8d1c40
                0xfffffffffc1ee730                _ZN3Dpr6Battle5Logic11ExPokePos_o4ctorEihP10MethodInfo = 0xfffffffffc1ee730
                0xfffffffffc86b4a0                _ZN3Dpr6Battle5Logic11WazaParam_o24canInvalidMessageDisplayEjP10MethodInfo = 0xfffffffffc86b4a0
                0xfffffffffc86b610                _ZN3Dpr6Battle5Logic11WazaParam_o4ctorEP10MethodInfo = 0xfffffffffc86b610
                0xfffffffffc84f4e0                _ZN3Dpr6Battle5Logic12BTL_CLIENT_o29checkForbidChangeEscapeCommonEPNS1_15BTL_POKEPARAM_oEPhPtP10MethodInfo = 0xfffffffffc84f4e0
                0xfffffffffc924950                _ZN3Dpr6Battle5Logic12MainModule_o11IsSkyBattleEP10MethodInfo = 0xfffffffffc924950
                0xfffffffffc92cda0                _ZN3Dpr6Battle5Logic12MainModule_o13GetClientSideEhP10MethodInfo = 0xfffffffffc92cda0
                0xfffffffffc92cbb0                _ZN3Dpr6Battle5Logic12MainModule_o13GetEscapeModeEP10MethodInfo = 0xfffffffffc92cbb0
                0xfffffffffc92f470                _ZN3Dpr6Battle5Logic12MainModule_o14IsFriendPokeIDEhhP10MethodInfo = 0xfffffffffc92f470
                0xfffffffffc92fc90                _ZN3Dpr6Battle5Logic12MainModule_o18CalcNatsukiItemUseEPNS1_15BTL_POKEPARAM_oEtP10MethodInfo = 0xfffffffffc92fc90
                0xfffffffffc92d2c0                _ZN3Dpr6Battle5Logic12MainModule_o20RegisterZukanSeeFlagEPNS1_15BTL_POKEPARAM_oEP10MethodInfo = 0xfffffffffc92d2c0
                0xfffffffffc9c6620                _ZN3Dpr6Battle5Logic12PokeTypePair5SplitENS1_14PokeTypePair_oEPhS4_S4_P10MethodInfo = 0xfffffffffc9c6620
                0xfffffffffc9c65d0                _ZN3Dpr6Battle5Logic12PokeTypePair8MakePureEhP10MethodInfo = 0xfffffffffc9c65d0
                0xffffffffff552768                _ZN3Dpr6Battle5Logic13Calc_TypeInfoE = 0xffffffffff552768
                0xfffffffffc1ed6a0                _ZN3Dpr6Battle5Logic13EventSystem_o12EVENTVAR_PopEP10MethodInfo = 0xfffffffffc1ed6a0
                0xfffffffffc1ed510                _ZN3Dpr6Battle5Logic13EventSystem_o13EVENTVAR_PushEP10MethodInfo = 0xfffffffffc1ed510
                0xfffffffffc1ee0a0                _ZN3Dpr6Battle5Logic13EventSystem_o17EVENTVAR_GetValueEtP10MethodInfo = 0xfffffffffc1ee0a0
                0xfffffffffc1edb60                _ZN3Dpr6Battle5Logic13EventSystem_o22EVENTVAR_SetConstValueEtiP10MethodInfo = 0xfffffffffc1edb60
                0xfffffffffc1edc60                _ZN3Dpr6Battle5Logic13EventSystem_o28EVENTVAR_SetRewriteOnceValueEtiP10MethodInfo = 0xfffffffffc1edc60
                0xfffffffffc1eca00                _ZN3Dpr6Battle5Logic13EventSystem_o9CallEventEtP10MethodInfo = 0xfffffffffc1eca00
                0xfffffffffc1ed4b0                _ZN3Dpr6Battle5Logic13FieldStatus_o11CheckEffectEiP10MethodInfo = 0xfffffffffc1ed4b0
                0xfffffffffc1f2380                _ZN3Dpr6Battle5Logic13FieldStatus_o15clearFactorWorkEiP10MethodInfo = 0xfffffffffc1f2380
                0xfffffffffc1f30e0                _ZN3Dpr6Battle5Logic13FieldStatus_o9CheckFuinEPPNS1_12MainModule_oEPNS1_9POKECON_oEPNS1_15BTL_POKEPARAM_oEiP10MethodInfo = 0xfffffffffc1f30e0
                0xfffffffffc1710e0                _ZN3Dpr6Battle5Logic15BattleCounter_o10InitializeEPNS1_10MainModuleEP10MethodInfo = 0xfffffffffc1710e0
                0xfffffffffc8da600                _ZN3Dpr6Battle5Logic15BTL_POKEPARAM_o10ChangeFormEhbP10MethodInfo = 0xfffffffffc8da600
                0xfffffffffc8d6b70                _ZN3Dpr6Battle5Logic15BTL_POKEPARAM_o10WAZA_GetIDEhP10MethodInfo = 0xfffffffffc8d6b70
                0xfffffffffc8d7140                _ZN3Dpr6Battle5Logic15BTL_POKEPARAM_o10WAZA_GetPPEhP10MethodInfo = 0xfffffffffc8d7140
                0xfffffffffc8d0ab0                _ZN3Dpr6Battle5Logic15BTL_POKEPARAM_o11CheckNemuriEiP10MethodInfo = 0xfffffffffc8d0ab0
                0xfffffffffc8d8140                _ZN3Dpr6Battle5Logic15BTL_POKEPARAM_o11COUNTER_GetEiP10MethodInfo = 0xfffffffffc8d8140
                0xfffffffffc8d5e40                _ZN3Dpr6Battle5Logic15BTL_POKEPARAM_o11GetPokeSickEP10MethodInfo = 0xfffffffffc8d5e40
                0xfffffffffc8d7a80                _ZN3Dpr6Battle5Logic15BTL_POKEPARAM_o11GetPokeTypeEP10MethodInfo = 0xfffffffffc8d7a80
                0xfffffffffc8d5f80                _ZN3Dpr6Battle5Logic15BTL_POKEPARAM_o11GetSickContEiP10MethodInfo = 0xfffffffffc8d5f80
                0xfffffffffc8d7ad0                _ZN3Dpr6Battle5Logic15BTL_POKEPARAM_o11IsMatchTypeEhP10MethodInfo = 0xfffffffffc8d7ad0
                0xfffffffffc8d9c30                _ZN3Dpr6Battle5Logic15BTL_POKEPARAM_o12correctMaxHPEP10MethodInfo = 0xfffffffffc8d9c30
                0xfffffffffc8d5f00                _ZN3Dpr6Battle5Logic15BTL_POKEPARAM_o12GetSickParamEiP10MethodInfo = 0xfffffffffc8d5f00
                0xfffffffffc8d5470                _ZN3Dpr6Battle5Logic15BTL_POKEPARAM_o12HENSIN_CheckEP10MethodInfo = 0xfffffffffc8d5470
                0xfffffffffc8d7ec0                _ZN3Dpr6Battle5Logic15BTL_POKEPARAM_o12PERMFLAG_GetEiP10MethodInfo = 0xfffffffffc8d7ec0
                0xfffffffffc8d7e70                _ZN3Dpr6Battle5Logic15BTL_POKEPARAM_o12TURNFLAG_GetEiP10MethodInfo = 0xfffffffffc8d7e70
                0xfffffffffc8d8d90                _ZN3Dpr6Battle5Logic15BTL_POKEPARAM_o12TURNFLAG_SetEiP10MethodInfo = 0xfffffffffc8d8d90
                0xfffffffffc8d2180                _ZN3Dpr6Battle5Logic15BTL_POKEPARAM_o13GetFriendshipEP10MethodInfo = 0xfffffffffc8d2180
                0xfffffffffc8d7800                _ZN3Dpr6Battle5Logic15BTL_POKEPARAM_o13WAZA_IsUsableEiP10MethodInfo = 0xfffffffffc8d7800
                0xfffffffffc8d76e0                _ZN3Dpr6Battle5Logic15BTL_POKEPARAM_o13WAZA_UpdateIDEhihbP10MethodInfo = 0xfffffffffc8d76e0
                0xfffffffffc8d9480                _ZN3Dpr6Battle5Logic15BTL_POKEPARAM_o14IsMatchTokuseiEiP10MethodInfo = 0xfffffffffc8d9480
                0xfffffffffc8d7880                _ZN3Dpr6Battle5Logic15BTL_POKEPARAM_o14WAZA_SearchIdxEiP10MethodInfo = 0xfffffffffc8d7880
                0xfffffffffc8d55c0                _ZN3Dpr6Battle5Logic15BTL_POKEPARAM_o15GetSrcDataConstEP10MethodInfo = 0xfffffffffc8d55c0
                0xfffffffffc8d7d70                _ZN3Dpr6Battle5Logic15BTL_POKEPARAM_o16GetItemEffectiveEPPNS1_13FieldStatus_oEP10MethodInfo = 0xfffffffffc8d7d70
                0xfffffffffc8d39b0                _ZN3Dpr6Battle5Logic15BTL_POKEPARAM_o18setupBySrcDataBaseEbbbP10MethodInfo = 0xfffffffffc8d39b0
                0xfffffffffc8db9f0                _ZN3Dpr6Battle5Logic15BTL_POKEPARAM_o20CONFRONT_REC_IsMatchEhP10MethodInfo = 0xfffffffffc8db9f0
                0xfffffffffc8d0a50                _ZN3Dpr6Battle5Logic15BTL_POKEPARAM_o5GetIDEP10MethodInfo = 0xfffffffffc8d0a50
                0xfffffffffc8d0a60                _ZN3Dpr6Battle5Logic15BTL_POKEPARAM_o6IsDeadEP10MethodInfo = 0xfffffffffc8d0a60
                0xfffffffffc8d7d50                _ZN3Dpr6Battle5Logic15BTL_POKEPARAM_o7GetItemEP10MethodInfo = 0xfffffffffc8d7d50
                0xfffffffffc8d39a0                _ZN3Dpr6Battle5Logic15BTL_POKEPARAM_o7IsGModeEP10MethodInfo = 0xfffffffffc8d39a0
                0xfffffffffc8d5010                _ZN3Dpr6Battle5Logic15BTL_POKEPARAM_o8GetValueEiP10MethodInfo = 0xfffffffffc8d5010
                0xfffffffffc8d0b30                _ZN3Dpr6Battle5Logic15BTL_POKEPARAM_o9CheckSickEiP10MethodInfo = 0xfffffffffc8d0b30
                0xfffffffffc8d4fb0                _ZN3Dpr6Battle5Logic15BTL_POKEPARAM_o9GetMonsNoEP10MethodInfo = 0xfffffffffc8d4fb0
                0xffffffffff552d48                _ZN3Dpr6Battle5Logic15Common_TypeInfoE = 0xffffffffff552d48
                0xfffffffffc60fc30                _ZN3Dpr6Battle5Logic15EventLauncher_o16Event_ActProcEndEPNS1_15BTL_POKEPARAM_oEiP10MethodInfo = 0xfffffffffc60fc30
                0xfffffffffc60fb80                _ZN3Dpr6Battle5Logic15EventLauncher_o18Event_ActProcStartEPNS1_12PokeAction_oEP10MethodInfo = 0xfffffffffc60fb80
                0xfffffffffc60c030                _ZN3Dpr6Battle5Logic15EventLauncher_o18Event_GetWazaParamEiiiiPNS1_15BTL_POKEPARAM_oEPNS1_11WazaParam_oEP10MethodInfo = 0xfffffffffc60c030
                0xfffffffffc60ce20                _ZN3Dpr6Battle5Logic15EventLauncher_o18Event_getWazaPowerEPNS1_15BTL_POKEPARAM_oES4_PNS1_11WazaParam_oEP10MethodInfo = 0xfffffffffc60ce20
                0xfffffffffc60d010                _ZN3Dpr6Battle5Logic15EventLauncher_o20Event_getAttackPowerEPNS1_15BTL_POKEPARAM_oES4_PNS1_11WazaParam_oEbPbP10MethodInfo = 0xfffffffffc60d010
                0xfffffffffc60fcc0                _ZN3Dpr6Battle5Logic15EventLauncher_o21Event_ActProcCanceledEPNS1_12PokeAction_oEP10MethodInfo = 0xfffffffffc60fcc0
                0xfffffffffc60f8a0                _ZN3Dpr6Battle5Logic15EventLauncher_o21Event_GetWazaPriorityEiPNS1_15BTL_POKEPARAM_oEP10MethodInfo = 0xfffffffffc60f8a0
                0xfffffffffc60d3d0                _ZN3Dpr6Battle5Logic15EventLauncher_o22Event_getDefenderGuardEPNS1_15BTL_POKEPARAM_oES4_PNS1_11WazaParam_oEbP10MethodInfo = 0xfffffffffc60d3d0
                0xfffffffffc612e10                _ZN3Dpr6Battle5Logic15EventLauncher_o35Event_CheckSpecialWazaAdditionalPerEhhjP10MethodInfo = 0xfffffffffc612e10
                0xfffffffffc1f44e0                _ZN3Dpr6Battle5Logic16GRightsManager_o10GetGRightsEiP10MethodInfo = 0xfffffffffc1f44e0
                0xfffffffffc182890                _ZN3Dpr6Battle5Logic17BtlAIBaseScript_o4CallEhP18System_Int64_arrayP10MethodInfo = 0xfffffffffc182890
                0xfffffffffc182920                _ZN3Dpr6Battle5Logic17BtlAIBaseScript_o9ScoreCtrlEiP10MethodInfo = 0xfffffffffc182920
                0xffffffffff5528e8                _ZN3Dpr6Battle5Logic18ExPokePos_TypeInfoE = 0xffffffffff5528e8
                0xfffffffffc869900                _ZN3Dpr6Battle5Logic18SideEffectStatus_o12GetContParamEP10MethodInfo = 0xfffffffffc869900
                0xffffffffff552b90                _ZN3Dpr6Battle5Logic18WazaParam_TypeInfoE = 0xffffffffff552b90
                0xfffffffffc1f5970                _ZN3Dpr6Battle5Logic19GShockEffectParam_o4ctorEPPNS1_30GShockEffectParam_SetupParam_oEP10MethodInfo = 0xfffffffffc1f5970
                0xfffffffffc924020                _ZN3Dpr6Battle5Logic19InterruptAccessor_o11IsRequestedEhP10MethodInfo = 0xfffffffffc924020
                0xffffffffff5526d0                _ZN3Dpr6Battle5Logic19MainModule_TypeInfoE = 0xffffffffff5526d0
                0xfffffffffc81d3b0                _ZN3Dpr6Battle5Logic19ServerCommandPutter23SCQUE_PUT_OP_ChangeFormEPNS1_20ServerCommandQueue_oEhhbP10MethodInfo = 0xfffffffffc81d3b0
                0xfffffffffc8b1650                _ZN3Dpr6Battle5Logic20Section_GShockWave_o11applyEffectEPNS1_19GShockEffectParam_oEP10MethodInfo = 0xfffffffffc8b1650
                0xfffffffffc863b90                _ZN3Dpr6Battle5Logic20ServerCommandQueue_o13ReservePutPosEtP10MethodInfo = 0xfffffffffc863b90
                0xfffffffffc863d80                _ZN3Dpr6Battle5Logic20ServerCommandQueue_o17Put_ToReservedPosEttP18System_Int32_arrayP10MethodInfo = 0xfffffffffc863d80
                0xfffffffffc93a860                _ZN3Dpr6Battle5Logic21PokeActionContainer_o20IsAllActDoneByPokeIDEhP10MethodInfo = 0xfffffffffc93a860
                0xfffffffffc823e50                _ZN3Dpr6Battle5Logic21ServerCommandPutter_o10ChangeFormEhhbP10MethodInfo = 0xfffffffffc823e50
                0xfffffffffc820b10                _ZN3Dpr6Battle5Logic21ServerCommandPutter_o11Message_StdEtiiP10MethodInfo = 0xfffffffffc820b10
                0xfffffffffc8209e0                _ZN3Dpr6Battle5Logic21ServerCommandPutter_o11Message_StdEtP10MethodInfo = 0xfffffffffc8209e0
                0xfffffffffc8107e0                _ZN3Dpr6Battle5Logic21ServerCommandPutter_o11SetContFlagEPNS1_15BTL_POKEPARAM_oEiP10MethodInfo = 0xfffffffffc8107e0
                0xfffffffffc822b90                _ZN3Dpr6Battle5Logic21ServerCommandPutter_o13SetBppCounterEPNS1_15BTL_POKEPARAM_oEihP10MethodInfo = 0xfffffffffc822b90
                0xfffffffffc823dc0                _ZN3Dpr6Battle5Logic21ServerCommandPutter_o14Act_ChangeFormEhP10MethodInfo = 0xfffffffffc823dc0
                0xfffffffffc813020                _ZN3Dpr6Battle5Logic21ServerCommandPutter_o14AddWazaHandlerEhijP10MethodInfo = 0xfffffffffc813020
                0xfffffffffc8252a0                _ZN3Dpr6Battle5Logic21ServerCommandPutter_o14IncBattleCountEhP10MethodInfo = 0xfffffffffc8252a0
                0xfffffffffc8250c0                _ZN3Dpr6Battle5Logic21ServerCommandPutter_o14InsertWazaInfoEhbPPNS1_10StrParam_oEP10MethodInfo = 0xfffffffffc8250c0
                0xfffffffffc827c00                _ZN3Dpr6Battle5Logic21ServerCommandPutter_o17AddTokuseiHandlerEhP10MethodInfo = 0xfffffffffc827c00
                0xfffffffffc827a30                _ZN3Dpr6Battle5Logic21ServerCommandPutter_o17RemoveWazaHandlerEhiP10MethodInfo = 0xfffffffffc827a30
                0xfffffffffc827d10                _ZN3Dpr6Battle5Logic21ServerCommandPutter_o20RemoveTokuseiHandlerEhP10MethodInfo = 0xfffffffffc827d10
                0xfffffffffc81fec0                _ZN3Dpr6Battle5Logic21ServerCommandPutter_o7MessageEPPNS1_10StrParam_oEP10MethodInfo = 0xfffffffffc81fec0
                0xfffffffffc824800                _ZN3Dpr6Battle5Logic21ServerCommandPutter_o9TokWin_InEPNS1_15BTL_POKEPARAM_oEP10MethodInfo = 0xfffffffffc824800
                0xfffffffffca6f4f0                _ZN3Dpr6Battle5Logic22Section_UseItem_Core_o10canUseItemEthhP10MethodInfo = 0xfffffffffca6f4f0
                0xfffffffffca6f0f0                _ZN3Dpr6Battle5Logic22Section_UseItem_Core_o14getTaragetInfoEPhS3_hP10MethodInfo = 0xfffffffffca6f0f0
                0xfffffffffca6e4a0                _ZN3Dpr6Battle5Logic22Section_UseItem_Core_o21get_s_itemEffectTableEP10MethodInfo = 0xfffffffffca6e4a0
                0xfffffffffca6f210                _ZN3Dpr6Battle5Logic22Section_UseItem_Core_o7useBallEPNS1_15BTL_POKEPARAM_oEtPbS5_PNS1_23POKE_CAPTURED_CONTEXT_oEP10MethodInfo = 0xfffffffffca6f210
                0xffffffffff5535e0                _ZN3Dpr6Battle5Logic24PosEffectStatus_TypeInfoE = 0xffffffffff5535e0
                0xfffffffffc8ae020                _ZN3Dpr6Battle5Logic25Section_FromEvent_Message13Description_o4ctorEP10MethodInfo = 0xfffffffffc8ae020
                0xffffffffff552fe8                _ZN3Dpr6Battle5Logic25Section_FromEvent_Message20Description_TypeInfoE = 0xffffffffff552fe8
                0xfffffffffc8b56a0                _ZN3Dpr6Battle5Logic25Section_InterruptAction_o13processActionEPNS1_12PokeAction_oEP10MethodInfo = 0xfffffffffc8b56a0
                0xfffffffffc60ab60                _ZN3Dpr6Battle5Logic26EventFactor_EventHandler_o4ctorElP10MethodInfo = 0xfffffffffc60ab60
                0xffffffffff5530e8                _ZN3Dpr6Battle5Logic26GShockEffectParam_TypeInfoE = 0xffffffffff5530e8
                0xfffffffffcab8b20                _ZN3Dpr6Battle5Logic27Section_ProcessActionCore_o12action_CheerEPNS1_12PokeAction_oEP10MethodInfo = 0xfffffffffcab8b20
                0xfffffffffcab8cb0                _ZN3Dpr6Battle5Logic27Section_ProcessActionCore_o17reinforceRaidBossEPNS1_12PokeAction_oEP10MethodInfo = 0xfffffffffcab8cb0
                0xfffffffffcab8de0                _ZN3Dpr6Battle5Logic27Section_ProcessActionCore_o6actionEPNS1_12PokeAction_oEP10MethodInfo = 0xfffffffffcab8de0
                0xffffffffff5535e8                _ZN3Dpr6Battle5Logic29PosEffectStatus_Data_TypeInfoE = 0xffffffffff5535e8
                0xfffffffffc9d3d00                _ZN3Dpr6Battle5Logic29Section_AddSick_Description_o4ctorEP10MethodInfo = 0xfffffffffc9d3d00
                0xfffffffffc1f66b0                _ZN3Dpr6Battle5Logic30GShockEffectParam_SetupParam_o4ctorEP10MethodInfo = 0xfffffffffc1f66b0
                0xfffffffffcaa9a70                _ZN3Dpr6Battle5Logic30Section_CheckNotEffect_Guard_o15onMamoruSuccessEPNS1_15BTL_POKEPARAM_oES4_PNS1_11WazaParam_oEP10MethodInfo = 0xfffffffffcaa9a70
                0xfffffffffcaa9b50                _ZN3Dpr6Battle5Logic30Section_CheckNotEffect_Guard_o25isNoEffectByMamoru_OthersEPNS1_15BTL_POKEPARAM_oES4_PNS1_11WazaParam_oEPNS1_11DmgAffRec_oEP10MethodInfo = 0xfffffffffcaa9b50
                0xfffffffffcaac8b0                _ZN3Dpr6Battle5Logic30Section_CureSick_Description_o4ctorEP10MethodInfo = 0xfffffffffcaac8b0
                0xfffffffffc8ac3f0                _ZN3Dpr6Battle5Logic30Section_FromEvent_FormChange_o7ExecuteEPNS1_37Section_FromEvent_FormChange_Result_oEPPNS1_42Section_FromEvent_FormChange_Description_oEP10MethodInfo = 0xfffffffffc8ac3f0
                0xfffffffffcabe2b0                _ZN3Dpr6Battle5Logic31Section_RecoverHP_Description_o4ctorEP10MethodInfo = 0xfffffffffcabe2b0
                0xffffffffff553150                _ZN3Dpr6Battle5Logic33EventFactor_EventHandler_TypeInfoE = 0xffffffffff553150
                0xfffffffffc8a9770                _ZN3Dpr6Battle5Logic33Section_FromEvent_ChangeTokusei_o7ExecuteEPNS1_40Section_FromEvent_ChangeTokusei_Result_oEPPNS1_45Section_FromEvent_ChangeTokusei_Description_oEP10MethodInfo = 0xfffffffffc8a9770
                0xffffffffff552db8                _ZN3Dpr6Battle5Logic36Section_AddSick_Description_TypeInfoE = 0xffffffffff552db8
                0xfffffffffcac3080                _ZN3Dpr6Battle5Logic36Section_SideEffect_Add_Description_o4ctorEP10MethodInfo = 0xfffffffffcac3080
                0xffffffffff5542a8                _ZN3Dpr6Battle5Logic37GShockEffectParam_SetupParam_TypeInfoE = 0xffffffffff5542a8
                0xffffffffff5531a8                _ZN3Dpr6Battle5Logic37Section_CureSick_Description_TypeInfoE = 0xffffffffff5531a8
                0xfffffffffcab0240                _ZN3Dpr6Battle5Logic37Section_FieldEffect_Add_Description_o4ctorEP10MethodInfo = 0xfffffffffcab0240
                0xfffffffffc8ac600                _ZN3Dpr6Battle5Logic37Section_FromEvent_FormChange_Result_o4ctorEP10MethodInfo = 0xfffffffffc8ac600
                0xffffffffff553158                _ZN3Dpr6Battle5Logic38EventFactor_EventHandlerTable_TypeInfoE = 0xffffffffff553158
                0xfffffffffc8a8c70                _ZN3Dpr6Battle5Logic38Section_FreeFall_Release_Description_o4ctorEP10MethodInfo = 0xfffffffffc8a8c70
                0xfffffffffc8ab2c0                _ZN3Dpr6Battle5Logic38Section_FromEvent_Damage_Description_o4ctorEP10MethodInfo = 0xfffffffffc8ab2c0
                0xfffffffffc8b0490                _ZN3Dpr6Battle5Logic38Section_FromEvent_Shrink_Description_o4ctorEP10MethodInfo = 0xfffffffffc8b0490
                0xffffffffff553170                _ZN3Dpr6Battle5Logic38Section_RecoverHP_Description_TypeInfoE = 0xffffffffff553170
                0xfffffffffc8afab0                _ZN3Dpr6Battle5Logic39Section_FromEvent_SetItem_Description_o4ctorEP10MethodInfo = 0xfffffffffc8afab0
                0xfffffffffc1f0040                _ZN3Dpr6Battle5Logic3Exp24getexp_calc_adjust_levelEjttP10MethodInfo = 0xfffffffffc1f0040
                0xfffffffffc8a9b50                _ZN3Dpr6Battle5Logic40Section_FromEvent_ChangeTokusei_Result_o4ctorEP10MethodInfo = 0xfffffffffc8a9b50
                0xfffffffffc8b0800                _ZN3Dpr6Battle5Logic40Section_FromEvent_SwapItem_Description_o4ctorEP10MethodInfo = 0xfffffffffc8b0800
                0xfffffffffca6f770                _ZN3Dpr6Battle5Logic40Section_UseItem_Core_ItemEffectFuncPtr_o6InvokeEPNS1_15BTL_POKEPARAM_oEtihP10MethodInfo = 0xfffffffffca6f770
                0xfffffffffc8af090                _ZN3Dpr6Battle5Logic41Section_FromEvent_RankReset_Description_o4ctorEP10MethodInfo = 0xfffffffffc8af090
                0xfffffffffc8ac570                _ZN3Dpr6Battle5Logic42Section_FromEvent_FormChange_Description_o4ctorEP10MethodInfo = 0xfffffffffc8ac570
                0xfffffffffc8aee30                _ZN3Dpr6Battle5Logic42Section_FromEvent_RankEffect_Description_o4ctorEP10MethodInfo = 0xfffffffffc8aee30
                0xfffffffffc8aadc0                _ZN3Dpr6Battle5Logic43Section_FromEvent_ConsumeItem_Description_o4ctorEP10MethodInfo = 0xfffffffffc8aadc0
                0xfffffffffc8ab860                _ZN3Dpr6Battle5Logic43Section_FromEvent_DecrementPP_Description_o4ctorEP10MethodInfo = 0xfffffffffc8ab860
                0xffffffffff5533c8                _ZN3Dpr6Battle5Logic43Section_SideEffect_Add_Description_TypeInfoE = 0xffffffffff5533c8
                0xffffffffff553148                _ZN3Dpr6Battle5Logic44EventFactor_EventHandlerTable_Array_TypeInfoE = 0xffffffffff553148
                0xffffffffff5532f8                _ZN3Dpr6Battle5Logic44Section_FieldEffect_Add_Description_TypeInfoE = 0xffffffffff5532f8
                0xffffffffff552f68                _ZN3Dpr6Battle5Logic44Section_FromEvent_FormChange_Result_TypeInfoE = 0xffffffffff552f68
                0xfffffffffc8a8e20                _ZN3Dpr6Battle5Logic45Section_FromEvent_AddViewEffect_Description_o4ctorEP10MethodInfo = 0xfffffffffc8a8e20
                0xfffffffffc8a9ac0                _ZN3Dpr6Battle5Logic45Section_FromEvent_ChangeTokusei_Description_o4ctorEP10MethodInfo = 0xfffffffffc8a9ac0
                0xffffffffff5531d8                _ZN3Dpr6Battle5Logic45Section_FromEvent_Damage_Description_TypeInfoE = 0xffffffffff5531d8
                0xfffffffffc8acd50                _ZN3Dpr6Battle5Logic45Section_FromEvent_FreeFallStart_Description_o4ctorEP10MethodInfo = 0xfffffffffc8acd50
                0xffffffffff5531e8                _ZN3Dpr6Battle5Logic45Section_FromEvent_Shrink_Description_TypeInfoE = 0xffffffffff5531e8
                0xfffffffffc8ae3e0                _ZN3Dpr6Battle5Logic45Section_FromEvent_PosEffect_Add_Description_o4ctorEP10MethodInfo = 0xfffffffffc8ae3e0
                0xfffffffffc8a96b0                _ZN3Dpr6Battle5Logic46Section_FromEvent_ChangePokeType_Description_o4ctorEP10MethodInfo = 0xfffffffffc8a96b0
                0xffffffffff5531f8                _ZN3Dpr6Battle5Logic46Section_FromEvent_SetItem_Description_TypeInfoE = 0xffffffffff5531f8
                0xffffffffff552e90                _ZN3Dpr6Battle5Logic47Section_FromEvent_ChangeTokusei_Result_TypeInfoE = 0xffffffffff552e90
                0xffffffffff5531f0                _ZN3Dpr6Battle5Logic47Section_FromEvent_SwapItem_Description_TypeInfoE = 0xffffffffff5531f0
                0xffffffffff553360                _ZN3Dpr6Battle5Logic48Section_FromEvent_RankReset_Description_TypeInfoE = 0xffffffffff553360
                0xffffffffff5532b8                _ZN3Dpr6Battle5Logic49Section_FromEvent_FormChange_Description_TypeInfoE = 0xffffffffff5532b8
                0xffffffffff5531b8                _ZN3Dpr6Battle5Logic49Section_FromEvent_RankEffect_Description_TypeInfoE = 0xffffffffff5531b8
                0xfffffffffc86c7e0                _ZN3Dpr6Battle5Logic4Calc10DamageBaseEjjjjP10MethodInfo = 0xfffffffffc86c7e0
                0xfffffffffc86de20                _ZN3Dpr6Battle5Logic4Calc10IsOccurPerEjP10MethodInfo = 0xfffffffffc86de20
                0xfffffffffc86d390                _ZN3Dpr6Battle5Logic4Calc11ITEM_IsBallEtP10MethodInfo = 0xfffffffffc86d390
                0xfffffffffc86d490                _ZN3Dpr6Battle5Logic4Calc11ITEM_IsMailEtP10MethodInfo = 0xfffffffffc86d490
                0xfffffffffc86d2a0                _ZN3Dpr6Battle5Logic4Calc13ITEM_GetParamEtiP10MethodInfo = 0xfffffffffc86d2a0
                0xfffffffffc86cf80                _ZN3Dpr6Battle5Logic4Calc14QuotMaxHP_ZeroEPNS1_15BTL_POKEPARAM_oEjbP10MethodInfo = 0xfffffffffc86cf80
                0xfffffffffc86d510                _ZN3Dpr6Battle5Logic4Calc17PERSONAL_GetParamEiiiP10MethodInfo = 0xfffffffffc86d510
                0xfffffffffc86cd20                _ZN3Dpr6Battle5Logic4Calc23MakeDefaultPokeSickContEjhbP10MethodInfo = 0xfffffffffc86cd20
                0xfffffffffc86c990                _ZN3Dpr6Battle5Logic4Calc7GetRandEjP10MethodInfo = 0xfffffffffc86c990
                0xfffffffffc86cb00                _ZN3Dpr6Battle5Logic4Calc8MulRatioEjiP10MethodInfo = 0xfffffffffc86cb00
                0xfffffffffc86cfe0                _ZN3Dpr6Battle5Logic4Calc9QuotMaxHPEPNS1_15BTL_POKEPARAM_oEjbP10MethodInfo = 0xfffffffffc86cfe0
                0xfffffffffc86ca10                _ZN3Dpr6Battle5Logic4Calc9RandRangeEjjP10MethodInfo = 0xfffffffffc86ca10
                0xffffffffff5531d0                _ZN3Dpr6Battle5Logic50Section_FromEvent_ConsumeItem_Description_TypeInfoE = 0xffffffffff5531d0
                0xffffffffff5533b0                _ZN3Dpr6Battle5Logic50Section_FromEvent_DecrementPP_Description_TypeInfoE = 0xffffffffff5533b0
                0xfffffffffc8ac390                _ZN3Dpr6Battle5Logic50Section_FromEvent_FieldEffect_Remove_Description_o4ctorEP10MethodInfo = 0xfffffffffc8ac390
                0xffffffffff553240                _ZN3Dpr6Battle5Logic52Section_FromEvent_AddViewEffect_Description_TypeInfoE = 0xffffffffff553240
                0xffffffffff5532d0                _ZN3Dpr6Battle5Logic52Section_FromEvent_ChangeTokusei_Description_TypeInfoE = 0xffffffffff5532d0
                0xffffffffff5533d0                _ZN3Dpr6Battle5Logic52Section_FromEvent_PosEffect_Add_Description_TypeInfoE = 0xffffffffff5533d0
                0xffffffffff5532c8                _ZN3Dpr6Battle5Logic53Section_FromEvent_ChangePokeType_Description_TypeInfoE = 0xffffffffff5532c8
                0xffffffffff553300                _ZN3Dpr6Battle5Logic57Section_FromEvent_FieldEffect_Remove_Description_TypeInfoE = 0xffffffffff553300
                0xfffffffffc1f8cf0                _ZN3Dpr6Battle5Logic5GWaza7IsGWazaEiP10MethodInfo = 0xfffffffffc1f8cf0
                0xfffffffffc866e00                _ZN3Dpr6Battle5Logic5Setup13normalTrainerEPNS1_20BATTLE_SETUP_PARAM_oEiiP10MethodInfo = 0xfffffffffc866e00
                0xfffffffffc866340                _ZN3Dpr6Battle5Logic5Setup17BATTLE_SETUP_WildEPNS1_20BATTLE_SETUP_PARAM_oEPN3Pml11PokeParty_oES7_iPNS1_21BTL_FIELD_SITUATION_oEiP10MethodInfo = 0xfffffffffc866340
                0xfffffffffc867360                _ZN3Dpr6Battle5Logic5Setup17BTL_SETUP_TrainerEPNS1_20BATTLE_SETUP_PARAM_oEPN3Pml11PokeParty_oEiPNS1_21BTL_FIELD_SITUATION_oEiP10MethodInfo = 0xfffffffffc867360
                0xfffffffffc8660b0                _ZN3Dpr6Battle5Logic5Setup29BATTLE_PARAM_SetBtlStatusFlagEPNS1_20BATTLE_SETUP_PARAM_oEiP10MethodInfo = 0xfffffffffc8660b0
                0xfffffffffc3b5400                _ZN3Dpr6Battle5Logic6ActPri12ToHandlerPriEjP10MethodInfo = 0xfffffffffc3b5400
                0xfffffffffc603050                _ZN3Dpr6Battle5Logic6Common10ChangeTypeEPPNS1_30EventFactor_EventHandlerArgs_oEPPNS1_46Section_FromEvent_ChangePokeType_Description_oEP10MethodInfo = 0xfffffffffc603050
                0xfffffffffc604ab0                _ZN3Dpr6Battle5Logic6Common10FormChangeEPPNS1_30EventFactor_EventHandlerArgs_oEPPNS1_42Section_FromEvent_FormChange_Description_oEP10MethodInfo = 0xfffffffffc604ab0
                0xfffffffffc602c60                _ZN3Dpr6Battle5Logic6Common10RankEffectEPPNS1_30EventFactor_EventHandlerArgs_oEPPNS1_42Section_FromEvent_RankEffect_Description_oEP10MethodInfo = 0xfffffffffc602c60
                0xfffffffffc603fe0                _ZN3Dpr6Battle5Logic6Common11ConsumeItemEPPNS1_30EventFactor_EventHandlerArgs_oEPPNS1_43Section_FromEvent_ConsumeItem_Description_oEP10MethodInfo = 0xfffffffffc603fe0
                0xfffffffffc6028d0                _ZN3Dpr6Battle5Logic6Common11DecrementPPEPPNS1_30EventFactor_EventHandlerArgs_oEPPNS1_43Section_FromEvent_DecrementPP_Description_oEP10MethodInfo = 0xfffffffffc6028d0
                0xfffffffffc601be0                _ZN3Dpr6Battle5Logic6Common11GetEventVarEPPNS1_30EventFactor_EventHandlerArgs_oEtP10MethodInfo = 0xfffffffffc601be0
                0xfffffffffc602430                _ZN3Dpr6Battle5Logic6Common11IsExistPokeEPPNS1_30EventFactor_EventHandlerArgs_oEPhP10MethodInfo = 0xfffffffffc602430
                0xfffffffffc601cc0                _ZN3Dpr6Battle5Logic6Common11MulEventVarEPPNS1_30EventFactor_EventHandlerArgs_oEtiP10MethodInfo = 0xfffffffffc601cc0
                0xfffffffffc603a80                _ZN3Dpr6Battle5Logic6Common12AddPosEffectEPPNS1_30EventFactor_EventHandlerArgs_oEPPNS1_45Section_FromEvent_PosEffect_Add_Description_oEP10MethodInfo = 0xfffffffffc603a80
                0xfffffffffc606320                _ZN3Dpr6Battle5Logic6Common12GetKillCountEPPNS1_30EventFactor_EventHandlerArgs_oEhP10MethodInfo = 0xfffffffffc606320
                0xfffffffffc607050                _ZN3Dpr6Battle5Logic6Common12GetPartyDataEPPNS1_30EventFactor_EventHandlerArgs_oEhP10MethodInfo = 0xfffffffffc607050
                0xfffffffffc601e40                _ZN3Dpr6Battle5Logic6Common12GetPokeParamEPPNS1_30EventFactor_EventHandlerArgs_oEhP10MethodInfo = 0xfffffffffc601e40
                0xfffffffffc601d20                _ZN3Dpr6Battle5Logic6Common12GetWorkValueEPPNS1_30EventFactor_EventHandlerArgs_oEhP10MethodInfo = 0xfffffffffc601d20
                0xfffffffffc601f50                _ZN3Dpr6Battle5Logic6Common12PokeIDtoSideEPPNS1_30EventFactor_EventHandlerArgs_oEPhP10MethodInfo = 0xfffffffffc601f50
                0xfffffffffc601da0                _ZN3Dpr6Battle5Logic6Common12SetWorkValueEPPNS1_30EventFactor_EventHandlerArgs_oEhiP10MethodInfo = 0xfffffffffc601da0
                0xfffffffffc6034b0                _ZN3Dpr6Battle5Logic6Common13AddSideEffectEPPNS1_30EventFactor_EventHandlerArgs_oEPPNS1_36Section_SideEffect_Add_Description_oEP10MethodInfo = 0xfffffffffc6034b0
                0xfffffffffc604a30                _ZN3Dpr6Battle5Logic6Common13AddViewEffectEPPNS1_30EventFactor_EventHandlerArgs_oEPPNS1_45Section_FromEvent_AddViewEffect_Description_oEP10MethodInfo = 0xfffffffffc604a30
                0xfffffffffc606b40                _ZN3Dpr6Battle5Logic6Common13CheckPokeSickEPPNS1_30EventFactor_EventHandlerArgs_oEhP10MethodInfo = 0xfffffffffc606b40
                0xfffffffffc606fc0                _ZN3Dpr6Battle5Logic6Common13CheckShowDownEPPNS1_30EventFactor_EventHandlerArgs_oEP10MethodInfo = 0xfffffffffc606fc0
                0xfffffffffc604d50                _ZN3Dpr6Battle5Logic6Common13FreeFallStartEPPNS1_30EventFactor_EventHandlerArgs_oEPPNS1_45Section_FromEvent_FreeFallStart_Description_oEP10MethodInfo = 0xfffffffffc604d50
                0xfffffffffc603730                _ZN3Dpr6Battle5Logic6Common14AddFieldEffectEPPNS1_30EventFactor_EventHandlerArgs_oEPPNS1_37Section_FieldEffect_Add_Description_oEP10MethodInfo = 0xfffffffffc603730
                0xfffffffffc602110                _ZN3Dpr6Battle5Logic6Common14GetFrontPokeIDEPPNS1_30EventFactor_EventHandlerArgs_oEPhP10MethodInfo = 0xfffffffffc602110
                0xfffffffffc602040                _ZN3Dpr6Battle5Logic6Common14IsFriendPokeIDEPPNS1_30EventFactor_EventHandlerArgs_oEhhP10MethodInfo = 0xfffffffffc602040
                0xfffffffffc6021c0                _ZN3Dpr6Battle5Logic6Common14SearchByPokeIDEPPNS1_30EventFactor_EventHandlerArgs_oEhbbP10MethodInfo = 0xfffffffffc6021c0
                0xfffffffffc607270                _ZN3Dpr6Battle5Logic6Common15CheckItemUsableEPPNS1_30EventFactor_EventHandlerArgs_oEhP10MethodInfo = 0xfffffffffc607270
                0xfffffffffc604de0                _ZN3Dpr6Battle5Logic6Common15FreeFallReleaseEPPNS1_30EventFactor_EventHandlerArgs_oEPPNS1_38Section_FreeFall_Release_Description_oEP10MethodInfo = 0xfffffffffc604de0
                0xfffffffffc603900                _ZN3Dpr6Battle5Logic6Common15GetLocalWeatherEPPNS1_30EventFactor_EventHandlerArgs_oEhP10MethodInfo = 0xfffffffffc603900
                0xfffffffffc602130                _ZN3Dpr6Battle5Logic6Common15PokeIDtoPokePosEPPNS1_30EventFactor_EventHandlerArgs_oEPhP10MethodInfo = 0xfffffffffc602130
                0xfffffffffc601c90                _ZN3Dpr6Battle5Logic6Common15RewriteEventVarEPPNS1_30EventFactor_EventHandlerArgs_oEtiP10MethodInfo = 0xfffffffffc601c90
                0xfffffffffc602260                _ZN3Dpr6Battle5Logic6Common16CheckFieldEffectEPPNS1_30EventFactor_EventHandlerArgs_oEPiP10MethodInfo = 0xfffffffffc602260
                0xfffffffffc607510                _ZN3Dpr6Battle5Logic6Common17ExpandExistPokeIDEPPNS1_30EventFactor_EventHandlerArgs_oEPPNS1_11ExPokePos_oEP17System_Byte_arrayP10MethodInfo = 0xfffffffffc607510
                0xfffffffffc602080                _ZN3Dpr6Battle5Logic6Common17GetFieldSituationEPPNS1_30EventFactor_EventHandlerArgs_oEP10MethodInfo = 0xfffffffffc602080
                0xfffffffffc6037c0                _ZN3Dpr6Battle5Logic6Common17RemoveFieldEffectEPPNS1_30EventFactor_EventHandlerArgs_oEPPNS1_50Section_FromEvent_FieldEffect_Remove_Description_oEP10MethodInfo = 0xfffffffffc6037c0
                0xfffffffffc605a30                _ZN3Dpr6Battle5Logic6Common18CheckCantStealPokeEPPNS1_30EventFactor_EventHandlerArgs_oEhhP10MethodInfo = 0xfffffffffc605a30
                0xfffffffffc601ce0                _ZN3Dpr6Battle5Logic6Common18GetEventVarAddressEPPNS1_30EventFactor_EventHandlerArgs_oEtP10MethodInfo = 0xfffffffffc601ce0
                0xfffffffffc605090                _ZN3Dpr6Battle5Logic6Common20DecideWazaTargetAutoEPPNS1_30EventFactor_EventHandlerArgs_oEhiP10MethodInfo = 0xfffffffffc605090
                0xfffffffffc6071e0                _ZN3Dpr6Battle5Logic6Common20GetExistFrontPokePosEPPNS1_30EventFactor_EventHandlerArgs_oEhP10MethodInfo = 0xfffffffffc6071e0
                0xfffffffffc602010                _ZN3Dpr6Battle5Logic6Common20PokeIDtoOpponentSideEPPNS1_30EventFactor_EventHandlerArgs_oEPhP10MethodInfo = 0xfffffffffc602010
                0xfffffffffc605780                _ZN3Dpr6Battle5Logic6Common24CheckUnbreakablePokeItemEttP10MethodInfo = 0xfffffffffc605780
                0xfffffffffc607400                _ZN3Dpr6Battle5Logic6Common25GetAllOpponentFrontPokeIDEPPNS1_30EventFactor_EventHandlerArgs_oEhP17System_Byte_arrayP10MethodInfo = 0xfffffffffc607400
                0xfffffffffc601ca0                _ZN3Dpr6Battle5Logic6Common26RewriteEventVar_FAIL_CAUSEEPPNS1_30EventFactor_EventHandlerArgs_oEhP10MethodInfo = 0xfffffffffc601ca0
                0xfffffffffc602720                _ZN3Dpr6Battle5Logic6Common6DamageEPPNS1_30EventFactor_EventHandlerArgs_oEPPNS1_38Section_FromEvent_Damage_Description_oEP10MethodInfo = 0xfffffffffc602720
                0xfffffffffc6043a0                _ZN3Dpr6Battle5Logic6Common6ShrinkEPPNS1_30EventFactor_EventHandlerArgs_oEPPNS1_38Section_FromEvent_Shrink_Description_oEP10MethodInfo = 0xfffffffffc6043a0
                0xfffffffffc602a80                _ZN3Dpr6Battle5Logic6Common7AddSickEPPNS1_30EventFactor_EventHandlerArgs_oEPPNS1_29Section_AddSick_Description_oEP10MethodInfo = 0xfffffffffc602a80
                0xfffffffffc603170                _ZN3Dpr6Battle5Logic6Common7MessageEPPNS1_30EventFactor_EventHandlerArgs_oEPPNS1_25Section_FromEvent_Message13Description_oEP10MethodInfo = 0xfffffffffc603170
                0xfffffffffc603d20                _ZN3Dpr6Battle5Logic6Common7SetItemEPPNS1_30EventFactor_EventHandlerArgs_oEPPNS1_39Section_FromEvent_SetItem_Description_oEP10MethodInfo = 0xfffffffffc603d20
                0xfffffffffc602960                _ZN3Dpr6Battle5Logic6Common8CureSickEPPNS1_30EventFactor_EventHandlerArgs_oEPPNS1_30Section_CureSick_Description_oEP10MethodInfo = 0xfffffffffc602960
                0xfffffffffc603db0                _ZN3Dpr6Battle5Logic6Common8SwapItemEPPNS1_30EventFactor_EventHandlerArgs_oEPPNS1_40Section_FromEvent_SwapItem_Description_oEP10MethodInfo = 0xfffffffffc603db0
                0xfffffffffc601cf0                _ZN3Dpr6Battle5Logic6Common8GetSubIDEPPNS1_30EventFactor_EventHandlerArgs_oEP10MethodInfo = 0xfffffffffc601cf0
                0xfffffffffc602060                _ZN3Dpr6Battle5Logic6Common9GetGroundEPPNS1_30EventFactor_EventHandlerArgs_oEP10MethodInfo = 0xfffffffffc602060
                0xfffffffffc602d80                _ZN3Dpr6Battle5Logic6Common9RankResetEPPNS1_30EventFactor_EventHandlerArgs_oEPPNS1_41Section_FromEvent_RankReset_Description_oEP10MethodInfo = 0xfffffffffc602d80
                0xfffffffffc602600                _ZN3Dpr6Battle5Logic6Common9RecoverHPEPPNS1_30EventFactor_EventHandlerArgs_oEPPNS1_31Section_RecoverHP_Description_oEP10MethodInfo = 0xfffffffffc602600
                0xfffffffffc8727d0                _ZN3Dpr6Battle5Logic6Tables21IsDaiWallGuardDisableEiP10MethodInfo = 0xfffffffffc8727d0
                0xfffffffffc8710d0                _ZN3Dpr6Battle5Logic6Tables14IsKodawariItemEtP10MethodInfo = 0xfffffffffc8710d0
                0xfffffffffc870540                _ZN3Dpr6Battle5Logic6Tables18IsSakidoriFailWazaEiP10MethodInfo = 0xfffffffffc870540
                0xffffffffff553348                _ZN3Dpr6Battle5Logic7Handler13Waza_TypeInfoE = 0xffffffffff553348
                0xffffffffff5621c0                _ZN3Dpr6Battle5Logic7Handler20Method_ADD_KaragenkiE = 0xffffffffff5621c0
                0xfffffffffc22f8f0                _ZN3Dpr6Battle5Logic7Handler20Pos_HandlerGetFunc_o4ctorElP10MethodInfo = 0xfffffffffc22f8f0
                0xfffffffffc923c70                _ZN3Dpr6Battle5Logic7Handler21Waza_HandlerGetFunc_o4ctorElP10MethodInfo = 0xfffffffffc923c70
                0xffffffffff5616b0                _ZN3Dpr6Battle5Logic7Handler21Method_ADD_BatonTouchE = 0xffffffffff5616b0
                0xffffffffff561068                _ZN3Dpr6Battle5Logic7Handler21Method_ADD_Fld_GroundE = 0xffffffffff561068
                0xfffffffffc2366e0                _ZN3Dpr6Battle5Logic7Handler21Side_HandlerGetFunc_o4ctorElP10MethodInfo = 0xfffffffffc2366e0
                0xfffffffffc1fd670                _ZN3Dpr6Battle5Logic7Handler22Field_HandlerGetFunc_o4ctorElP10MethodInfo = 0xfffffffffc1fd670
                0xffffffffff561db8                _ZN3Dpr6Battle5Logic7Handler23Method_ADD_TetunoKobusiE = 0xffffffffff561db8
                0xfffffffffc0f1150                _ZN3Dpr6Battle5Logic7Handler24Tokusei_HandlerGetFunc_o4ctorElP10MethodInfo = 0xfffffffffc0f1150
                0xffffffffff5616e0                _ZN3Dpr6Battle5Logic7Handler26Method_ADD_SIDE_AuroraVeilE = 0xffffffffff5616e0
                0xfffffffffc923c50                _ZN3Dpr6Battle5Logic7Handler26Waza_GET_FUNC_TABLE_ELEM_o4ctorES3_iPNS2_21Waza_HandlerGetFunc_oEP10MethodInfo = 0xfffffffffc923c50
                0xffffffffff553268                _ZN3Dpr6Battle5Logic7Handler27Pos_HandlerGetFunc_TypeInfoE = 0xffffffffff553268
                0xffffffffff5532a8                _ZN3Dpr6Battle5Logic7Handler28Side_HandlerGetFunc_TypeInfoE = 0xffffffffff5532a8
                0xffffffffff553448                _ZN3Dpr6Battle5Logic7Handler28Waza_HandlerGetFunc_TypeInfoE = 0xffffffffff553448
                0xffffffffff553190                _ZN3Dpr6Battle5Logic7Handler29Field_HandlerGetFunc_TypeInfoE = 0xffffffffff553190
                0xffffffffff553330                _ZN3Dpr6Battle5Logic7Handler31Tokusei_HandlerGetFunc_TypeInfoE = 0xffffffffff553330
                0xfffffffffc22ded0                _ZN3Dpr6Battle5Logic7Handler3Pos22common_removePosEffectEPPNS1_30EventFactor_EventHandlerArgs_oEhP10MethodInfo = 0xfffffffffc22ded0
                0xfffffffffc0fb780                _ZN3Dpr6Battle5Logic7Handler4Waza12ADD_KorogaruEP10MethodInfo = 0xfffffffffc0fb780
                0xfffffffffc0f40c0                _ZN3Dpr6Battle5Logic7Handler4Waza12ADD_KumoNoSuEP10MethodInfo = 0xfffffffffc0f40c0
                0xfffffffffc103d60                _ZN3Dpr6Battle5Logic7Handler4Waza12ADD_MeromeroEP10MethodInfo = 0xfffffffffc103d60
                0xfffffffffc1148a0                _ZN3Dpr6Battle5Logic7Handler4Waza14ADD_NasiKuzusiEP10MethodInfo = 0xfffffffffc1148a0
                0xfffffffffc0fce20                _ZN3Dpr6Battle5Logic7Handler4Waza14ADD_SiboritoruEP10MethodInfo = 0xfffffffffc0fce20
                0xfffffffffc10a8b0                _ZN3Dpr6Battle5Logic7Handler4Waza14ADD_TonboGaeriEP10MethodInfo = 0xfffffffffc10a8b0
                0xfffffffffc11f2b0                _ZN3Dpr6Battle5Logic7Handler4Waza15ADD_MeteorDriveEP10MethodInfo = 0xfffffffffc11f2b0
                0xfffffffffc11f9f0                _ZN3Dpr6Battle5Logic7Handler4Waza16ADD_PhotonGeyserEP10MethodInfo = 0xfffffffffc11f9f0
                0xfffffffffc111480                _ZN3Dpr6Battle5Logic7Handler4Waza17ADD_GensiNoTikaraEP10MethodInfo = 0xfffffffffc111480
                0xfffffffffc102d70                _ZN3Dpr6Battle5Logic7Handler4Waza17common_feint_procEPPNS1_30EventFactor_EventHandlerArgs_oEhtP10MethodInfo = 0xfffffffffc102d70
                0xfffffffffc0f19a0                _ZN3Dpr6Battle5Logic7Handler4Waza18removeHandlerForceEPNS1_13EventSystem_oEhiP10MethodInfo = 0xfffffffffc0f19a0
                0xfffffffffc0fe520                _ZN3Dpr6Battle5Logic7Handler4Waza20handler_Jisin_damageEPPNS1_30EventFactor_EventHandlerArgs_oEhP10MethodInfo = 0xfffffffffc0fe520
                0xfffffffffc102970                _ZN3Dpr6Battle5Logic7Handler4Waza21SleepGuardSideEffectsEPPNS1_30EventFactor_EventHandlerArgs_oEhbP10MethodInfo = 0xfffffffffc102970
                0xfffffffffc0fbac0                _ZN3Dpr6Battle5Logic7Handler4Waza22common_Korogaru_UnlockEPPNS1_30EventFactor_EventHandlerArgs_oEhP10MethodInfo = 0xfffffffffc0fbac0
                0xfffffffffc0fe610                _ZN3Dpr6Battle5Logic7Handler4Waza23handler_Jisin_checkHideEPPNS1_30EventFactor_EventHandlerArgs_oEhP10MethodInfo = 0xfffffffffc0fe610
                0xfffffffffc118590                _ZN3Dpr6Battle5Logic7Handler4Waza24handler_common_GroundSetEPPNS1_30EventFactor_EventHandlerArgs_oEhhP10MethodInfo = 0xfffffffffc118590
                0xfffffffffc105360                _ZN3Dpr6Battle5Logic7Handler4Waza25common_CureFriendPokeSickEPPNS1_30EventFactor_EventHandlerArgs_oEhbbP10MethodInfo = 0xfffffffffc105360
                0xfffffffffc0f85c0                _ZN3Dpr6Battle5Logic7Handler4Waza25handler_MetalBurst_TargetEPPNS1_30EventFactor_EventHandlerArgs_oEhP10MethodInfo = 0xfffffffffc0f85c0
                0xfffffffffc0f3320                _ZN3Dpr6Battle5Logic7Handler4Waza25handler_Tobigeri_NoEffectEPPNS1_30EventFactor_EventHandlerArgs_oEhP10MethodInfo = 0xfffffffffc0f3320
                0xfffffffffc1174d0                _ZN3Dpr6Battle5Logic7Handler4Waza26handler_Tagayasu_CheckHideEPPNS1_30EventFactor_EventHandlerArgs_oEhP10MethodInfo = 0xfffffffffc1174d0
                0xfffffffffc0fdc20                _ZN3Dpr6Battle5Logic7Handler4Waza26handler_Tatumaki_checkHideEPPNS1_30EventFactor_EventHandlerArgs_oEhP10MethodInfo = 0xfffffffffc0fdc20
                0xfffffffffc0f9200                _ZN3Dpr6Battle5Logic7Handler4Waza27handler_Daibakuhatsu_ExeFixEPPNS1_30EventFactor_EventHandlerArgs_oEhP10MethodInfo = 0xfffffffffc0f9200
                0xfffffffffc0fc160                _ZN3Dpr6Battle5Logic7Handler4Waza27handler_TripleKick_HitCountEPPNS1_30EventFactor_EventHandlerArgs_oEhP10MethodInfo = 0xfffffffffc0fc160
                0xfffffffffc0f8fb0                _ZN3Dpr6Battle5Logic7Handler4Waza29handler_Daibakuhatsu_ExeStartEPPNS1_30EventFactor_EventHandlerArgs_oEhP10MethodInfo = 0xfffffffffc0f8fb0
                0xfffffffffc11f400                _ZN3Dpr6Battle5Logic7Handler4Waza30handler_MeteorDrive_WazaSeqEndEPPNS1_30EventFactor_EventHandlerArgs_oEhP10MethodInfo = 0xfffffffffc11f400
                0xfffffffffc11f320                _ZN3Dpr6Battle5Logic7Handler4Waza32handler_MeteorDrive_WazaSeqStartEPPNS1_30EventFactor_EventHandlerArgs_oEhP10MethodInfo = 0xfffffffffc11f320
                0xfffffffffc0f9110                _ZN3Dpr6Battle5Logic7Handler4Waza33handler_Daibakuhatsu_DmgDetermineEPPNS1_30EventFactor_EventHandlerArgs_oEhP10MethodInfo = 0xfffffffffc0f9110
                0xfffffffffc0fcc70                _ZN3Dpr6Battle5Logic7Handler4Waza9ADD_FunkaEP10MethodInfo = 0xfffffffffc0fcc70
                0xfffffffffc1fb250                _ZN3Dpr6Battle5Logic7Handler5Field24common_isGroundEffectiveEPPNS1_30EventFactor_EventHandlerArgs_oEhP10MethodInfo = 0xfffffffffc1fb250
                0xfffffffffc23e220                _ZN3Dpr6Battle5Logic7Handler7Tokusei25handler_AddSickFailCommonEPPNS1_30EventFactor_EventHandlerArgs_oEhP10MethodInfo = 0xfffffffffc23e220
                0xfffffffffc252b90                _ZN3Dpr6Battle5Logic7Handler7Tokusei27handler_Kinchoukan_MemberInEPPNS1_30EventFactor_EventHandlerArgs_oEhP10MethodInfo = 0xfffffffffc252b90
                0xfffffffffc924050                _ZN3Dpr6Battle5Logic8ItemData8HaveItemEtP10MethodInfo = 0xfffffffffc924050
                0xfffffffffc9cc960                _ZN3Dpr6Battle5Logic8SICKCONT12MakePokeTurnEhhhP10MethodInfo = 0xfffffffffc9cc960
                0xfffffffffc9cc6f0                _ZN3Dpr6Battle5Logic8SICKCONT13MakeTurnParamEhhtP10MethodInfo = 0xfffffffffc9cc6f0
                0xfffffffffc9cc680                _ZN3Dpr6Battle5Logic8SICKCONT8MakeTurnEhhP10MethodInfo = 0xfffffffffc9cc680
                0xfffffffffc9ccde0                _ZN3Dpr6Battle5Logic8SICKCONT8GetParamEPNS1_14BTL_SICKCONT_oEP10MethodInfo = 0xfffffffffc9ccde0
                0xfffffffffc9ccb40                _ZN3Dpr6Battle5Logic8SICKCONT9GetPokeIDEPNS1_14BTL_SICKCONT_oEP10MethodInfo = 0xfffffffffc9ccb40
                0xfffffffffc86ab10                _ZN3Dpr6Battle5Logic8WAZADATA10GetSickPerEiP10MethodInfo = 0xfffffffffc86ab10
                0xfffffffffc86ab40                _ZN3Dpr6Battle5Logic8WAZADATA13GetDamageTypeEiP10MethodInfo = 0xfffffffffc86ab40
                0xfffffffffc86aaa0                _ZN3Dpr6Battle5Logic8WAZADATA13GetWazaTargetEiP10MethodInfo = 0xfffffffffc86aaa0
                0xfffffffffc86abf0                _ZN3Dpr6Battle5Logic8WAZADATA7GetFlagEiiP10MethodInfo = 0xfffffffffc86abf0
                0xfffffffffc86ab20                _ZN3Dpr6Battle5Logic8WAZADATA7GetTypeEiP10MethodInfo = 0xfffffffffc86ab20
                0xfffffffffc86ac00                _ZN3Dpr6Battle5Logic8WAZADATA7IsValidEiP10MethodInfo = 0xfffffffffc86ac00
                0xfffffffffc86ac80                _ZN3Dpr6Battle5Logic8WAZADATA8IsDamageEiP10MethodInfo = 0xfffffffffc86ac80
                0xfffffffffc86aba0                _ZN3Dpr6Battle5Logic8WAZADATA8GetPowerEiP10MethodInfo = 0xfffffffffc86aba0
                0xfffffffffc1f4bc0                _ZN3Dpr6Battle5Logic9GRights_o14GetClientOrderEiP10MethodInfo = 0xfffffffffc1f4bc0
                0xfffffffffc92f310                _ZN3Dpr6Battle5Logic9POKECON_o12GetPokeParamEhP10MethodInfo = 0xfffffffffc92f310
                0xfffffffffc939500                _ZN3Dpr6Battle5Logic9POKECON_o14setupPokeParamEPNS1_15BTL_POKEPARAM_oEhPNS1_14PokemonParam_oEPPNS1_20DefaultPowerUpDesc_oEPNS1_10MyStatus_oEP10MethodInfo = 0xfffffffffc939500
                0xfffffffffc9c5920                _ZN3Dpr6Battle5Logic9PokeSet_o3GetEjP10MethodInfo = 0xfffffffffc9c5920
                0xfffffffffc9c5800                _ZN3Dpr6Battle5Logic9PokeSet_o6RemoveEPNS1_15BTL_POKEPARAM_oEP10MethodInfo = 0xfffffffffc9c5800
                0xfffffffffc9c5980                _ZN3Dpr6Battle5Logic9PokeSet_o8SeekNextEP10MethodInfo = 0xfffffffffc9c5980
                0xfffffffffc9c5970                _ZN3Dpr6Battle5Logic9PokeSet_o9SeekStartEP10MethodInfo = 0xfffffffffc9c5970
                0xfffffffffc9ca540                _ZN3Dpr6Battle5Logic9PosPoke_o7IsExistEhP10MethodInfo = 0xfffffffffc9ca540
                0xfffffffffc9ce580                _ZN3Dpr6Battle5Logic9Section_o10GetPokePosEhP10MethodInfo = 0xfffffffffc9ce580
                0xfffffffffc9ce4a0                _ZN3Dpr6Battle5Logic9Section_o12GetPokeParamEhP10MethodInfo = 0xfffffffffc9ce4a0
                0xfffffffffc9ce400                _ZN3Dpr6Battle5Logic9Section_o19GetActionSharedDataEP10MethodInfo = 0xfffffffffc9ce400
                0xfffffffffc9cf0e0                _ZN3Dpr6Battle5Logic9Section_o21CheckEncoreWazaChangeEPNS1_12PokeAction_oEP10MethodInfo = 0xfffffffffc9cf0e0
                0xfffffffffc9ce690                _ZN3Dpr6Battle5Logic9Section_o7GetRuleEP10MethodInfo = 0xfffffffffc9ce690
                0xfffffffffc892580                _ZN3Dpr7Message20MessageWordSetHelper12SetDigitWordEiiP10MethodInfo = 0xfffffffffc892580
                0xfffffffffc891b90                _ZN3Dpr7Message20MessageWordSetHelper22SetPokemonNickNameWordEiPN3Pml8PokePara9CoreParamEbP10MethodInfo = 0xfffffffffc891b90
                0xfffffffffc424a40                _ZN3Dpr8EvScript13EvDataManager9CallLabelEP15System_String_oP10MethodInfo = 0xfffffffffc424a40
                0xfffffffffd5354d0                _ZN3Dpr8EvScript15EvDataManager_o12get_InstanseEP10MethodInfo = 0xfffffffffd5354d0
                0xfffffffffd53a3c0                _ZN3Dpr8EvScript15EvDataManager_o9JumpLabelEPN6System6StringEPNS0_18EventEndDelegate_oEP10MethodInfo = 0xfffffffffd53a3c0
                0xfffffffffd58aa70                _ZN3Dpr8EvScript15EvDataManager_o9LearnWazaEPN3Pml8PokePara14PokemonParam_oEiiP10MethodInfo = 0xfffffffffd58aa70
                0xfffffffffc2a6ef0                _ZN3Dpr8EvScript33EvDataManager_DisplayClass772_0_o4ctorEP10MethodInfo = 0xfffffffffc2a6ef0
                0xfffffffffc2a6530                _ZN3Dpr8EvScript34EvDataManager_DisplayClass1541_0_o4ctorEP10MethodInfo = 0xfffffffffc2a6530
                0xffffffffff521e80                _ZN3Dpr8EvScript46PTR_EvDataManager_DisplayClass772_0_o_TypeInfoE = 0xffffffffff521e80
                0xffffffffff523020                _ZN3Dpr8EvScript47PTR_EvDataManager_DisplayClass1541_0_o_TypeInfoE = 0xffffffffff523020
                0xfffffffffc94d6f0                _ZN3Pml11PokeParty_o16GetMemberPointerEjP10MethodInfo = 0xfffffffffc94d6f0
                0xfffffffffc94dd10                _ZN3Pml11PokeParty_o4ctorEP10MethodInfo = 0xfffffffffc94dd10
                0xfffffffffc94eec0                _ZN3Pml11PokeParty_o8CopyFromEPS0_P10MethodInfo = 0xfffffffffc94eec0
                0xffffffffff4726f8                _ZN3Pml22PTR_PokeParty_TypeInfoE = 0xffffffffff4726f8
                0xfffffffffcd95c50                _ZN3Pml4Item8ItemData6IsNutsEtP10MethodInfo = 0xfffffffffcd95c50
                0xfffffffffcd98420                _ZN3Pml5Local17RandomGenerator_o7GetRandEP10MethodInfo = 0xfffffffffcd98420
                0xfffffffffcd980a0                _ZN3Pml5Local6Random8GetValueEP10MethodInfo = 0xfffffffffcd980a0
                0xfffffffffcd98ca0                _ZN3Pml8Personal14PersonalSystem15GetPersonalDataEitP10MethodInfo = 0xfffffffffcd98ca0
                0xfffffffffcd98d50                _ZN3Pml8Personal14PersonalSystem16LoadPersonalDataEitP10MethodInfo = 0xfffffffffcd98d50
                0xfffffffffcd99280                _ZN3Pml8Personal14PersonalSystem24CheckPersonalWazaMachineEtP10MethodInfo = 0xfffffffffcd99280
                0xfffffffffcd98ff0                _ZN3Pml8Personal23PersonalTableExtensions8GetParamEPN11XLSXContent13PersonalTable15SheetPersonal_oEiP10MethodInfo = 0xfffffffffcd98ff0
                0xfffffffffcd98110                _ZN3Pml8PmlUse_o12get_InstanceEP10MethodInfo = 0xfffffffffcd98110
                0xfffffffffc944960                _ZN3Pml8PokePara11CoreParam_o11EndFastModeEbP10MethodInfo = 0xfffffffffc944960
                0xfffffffffc942260                _ZN3Pml8PokePara11CoreParam_o12ChangeFormNoEtPNS0_28CoreParam_FormChangeResult_oEP10MethodInfo = 0xfffffffffc942260
                0xfffffffffc9408a0                _ZN3Pml8PokePara11CoreParam_o12GetTokuseiNoEP10MethodInfo = 0xfffffffffc9408a0
                0xfffffffffc944910                _ZN3Pml8PokePara11CoreParam_o13StartFastModeEP10MethodInfo = 0xfffffffffc944910
                0xfffffffffc94a1d0                _ZN3Pml8PokePara13InitialSpec_o4ctorEP10MethodInfo = 0xfffffffffc94a1d0
                0xfffffffffcd9d4b0                _ZN3Pml8PokePara8Accessor12GetTokuseiNoEP10MethodInfo = 0xfffffffffcd9d4b0
                0xfffffffffcd9e4e0                _ZN3Pml8PokePara8Accessor9GetFormNoEP10MethodInfo = 0xfffffffffcd9e4e0
                0xfffffffffcd9cee0                _ZN3Pml8PokePara8Accessor9GetItemNoEP10MethodInfo = 0xfffffffffcd9cee0
                0xfffffffffcd9ce70                _ZN3Pml8PokePara8Accessor9GetMonsNoEP10MethodInfo = 0xfffffffffcd9ce70
                0xfffffffffcd9dd70                _ZN3Pml8PokePara8Accessor9GetWazaNoEhP10MethodInfo = 0xfffffffffcd9dd70
                0xfffffffffcda5790                _ZN3Pml8PokePara8CalcTool11IsRareColorEjjP10MethodInfo = 0xfffffffffcda5790
                0xfffffffffcda6710                _ZN3Pml8PokePara8CalcTool15GetAruseusuTypeEjP10MethodInfo = 0xfffffffffcda6710
                0xfffffffffc940e80                _ZN3Pml8PokePara9CoreParam11GetNickNameEP10MethodInfo = 0xfffffffffc940e80
                0xfffffffffc9425a0                _ZN3Pml8PokePara9CoreParam11GetRareTypeEP10MethodInfo = 0xfffffffffc9425a0
                0xfffffffffc940e90                _ZN3Pml8PokePara9CoreParam11SetNickNameEPN6System6StringEP10MethodInfo = 0xfffffffffc940e90
                0xfffffffffc942260                _ZN3Pml8PokePara9CoreParam12ChangeFormNoEtPNS0_28CoreParam_FormChangeResult_oEP10MethodInfo = 0xfffffffffc942260
                0xfffffffffc943950                _ZN3Pml8PokePara9CoreParam13GetMezapaTypeEP10MethodInfo = 0xfffffffffc943950
                0xfffffffffc93c610                _ZN3Pml8PokePara9CoreParam14GetTalentPowerEiP10MethodInfo = 0xfffffffffc93c610
                0xfffffffffc93c680                _ZN3Pml8PokePara9CoreParam14IsTrainingDoneEiP10MethodInfo = 0xfffffffffc93c680
                0xfffffffffc93f370                _ZN3Pml8PokePara9CoreParam19AddWazaIfEmptyExistEiP10MethodInfo = 0xfffffffffc93f370
                0xfffffffffc93faa0                _ZN3Pml8PokePara9CoreParam22_CollectRemindableWazaEP10MethodInfo = 0xfffffffffc93faa0
                0xfffffffffc941370                _ZN3Pml8PokePara9CoreParam5IsEggEiP10MethodInfo = 0xfffffffffc941370
                0xfffffffffc940540                _ZN3Pml8PokePara9CoreParam6GetSexEP10MethodInfo = 0xfffffffffc940540
                0xfffffffffc9449d0                _ZN3Pml8PokePara9CoreParam6IsNullEP10MethodInfo = 0xfffffffffc9449d0
                0xfffffffffab62bc0                _ZN3Pml8PokePara9CoreParam6SetExpEjP10MethodInfo = 0xfffffffffab62bc0
                0xfffffffffc941660                _ZN3Pml8PokePara9CoreParam7GetItemEP10MethodInfo = 0xfffffffffc941660
                0xfffffffffc941680                _ZN3Pml8PokePara9CoreParam7SetItemEtP10MethodInfo = 0xfffffffffc941680
                0xfffffffffc93b5c0                _ZN3Pml8PokePara9CoreParam8GetPowerEiP10MethodInfo = 0xfffffffffc93b5c0
                0xfffffffffc93c250                _ZN3Pml8PokePara9CoreParam9GetFormNoEP10MethodInfo = 0xfffffffffc93c250
                0xfffffffffc93c240                _ZN3Pml8PokePara9CoreParam9GetMonsNoEP10MethodInfo = 0xfffffffffc93c240
                0xfffffffffc952090                _ZN3Pml8WazaData14WazaDataSystem8GetPowerEiP10MethodInfo = 0xfffffffffc952090
                0xfffffffffc94b3a0                _ZN3Pml8WazaData14WazaDataSystem7GetTypeEiP10MethodInfo = 0xfffffffffc94b3a0
                0xfffffffffce373c0                _ZN46UnityEngine_Events_UnityAction_bool__string__o4ctorEPN3Dpr8EvScript33EvDataManager_DisplayClass772_0_oEP10MethodInfoS5_ = 0xfffffffffce373c0
                0xfffffffffd1ee340                _ZN6System11Collections7Generic17HashSet_WazaNo__o3AddEiP10MethodInfo = 0xfffffffffd1ee340
                0xfffffffffd334680                _ZN6System11Collections7Generic20ListXMenuTopItem_AddEPNS1_28List_ContextMenuItem_Param_oEPN3Dpr2UI23ContextMenuItem_Param_oEP10MethodInfo = 0xfffffffffd334680
                0xfffffffffd334680                _ZN6System11Collections7Generic20ListXMenuTopItem_AddEPNS1_33List_ShopBoutiqueItemItem_Param_oEPN3Dpr2UI28ShopBoutiqueItemItem_Param_oEP10MethodInfo = 0xfffffffffd334680
                0xffffffffff47a938                _ZN6System11Collections7Generic41List_ContextMenuItem_Param_Add_MethodInfoE = 0xffffffffff47a938
                0xffffffffff4b2810                _ZN6System11Collections7Generic46List_ShopBoutiqueItemItem_Param_Add_MethodInfoE = 0xffffffffff4b2810
                0xfffffffffd09ac60                _ZN6System2IO4File12ReadAllBytesEPNS_6StringEP10MethodInfo = 0xfffffffffd09ac60
                0xfffffffffce80990                _ZN6System4Text12UTF8Encoding12GetByteCountEPNS_6StringEP10MethodInfo = 0xfffffffffce80990
                0xfffffffffce80b50                _ZN6System4Text12UTF8Encoding8GetBytesEPNS_6StringEiiPNS_5ArrayIhEEiP10MethodInfo = 0xfffffffffce80b50
                0xfffffffffd15a6b0                _ZN6System4Text8Encoding8get_UTF8EP10MethodInfo = 0xfffffffffd15a6b0
                0xfffffffffcfc93a0                _ZN6System6Object8ToStringEP12Il2CppObjectP10MethodInfo = 0xfffffffffcfc93a0
                0xfffffffffcff33e0                _ZN6System6String13_CreateStringEPaP10MethodInfo = 0xfffffffffcff33e0
                0xfffffffffcfeb810                _ZN6System6String13IsNullOrEmptyEP10MethodInfo = 0xfffffffffcfeb810
                0xfffffffffcff0fc0                _ZN6System6String6ConcatEP12Il2CppObjectS2_P10MethodInfo = 0xfffffffffcff0fc0
                0xfffffffffd1b6700                _ZN76System_Func_string__SoftwareKeyboard_ErrorState__ValueTuple_bool__string___o4ctorEPN3Dpr8EvScript15EvDataManager_oEP10MethodInfoS5_ = 0xfffffffffd1b6700
                0xfffffffffd5bf6a0                _ZN8GameData11DataManager17GetPokemonCatalogEiihbbP10MethodInfo = 0xfffffffffd5bf6a0
                0xfffffffffd5c5550                _ZN8GameData11DataManager19GetBoutiqueShopDataEiP10MethodInfo = 0xfffffffffd5c5550
                0xfffffffffd5c5460                _ZN8GameData11DataManager21GetCharacterDressDataEiP10MethodInfo = 0xfffffffffd5c5460
                0xfffffffffc3e3550                _ZN8ItemWork10IsDsPlayerEP10MethodInfo = 0xfffffffffc3e3550
                0xfffffffffc3e25b0                _ZN8ItemWork11GetItemInfoEiP10MethodInfo = 0xfffffffffc3e25b0
                0xfffffffffc3e2450                _ZN8ItemWork7SubItemEiiP10MethodInfo = 0xfffffffffc3e2450
                0xfffffffffc0d2780                _ZN8ZoneWork20TairyouHassei_MonsLvEiP10MethodInfo = 0xfffffffffc0d2780
                0xfffffffffc0d3fc0                _ZN9ZukanWork12GetFormFlagsEjhbP10MethodInfo = 0xfffffffffc0d3fc0
                0xfffffffffae7c560                _Znam = 0xfffffffffae7c560
                0xfffffffffae7c220                _Znwm = 0xfffffffffae7c220
                0xffffffffff56aa08                Array_IndexOf_MethodInfo = 0xffffffffff56aa08
                0xffffffffff5781a0                BASE_FORMCHANGE_ONSELECTED_METHODINFO = 0xffffffffff5781a0
                0xffffffffff580f80                ContextMenuIDList_Add_MethodInfo = 0xffffffffff580f80
                0xffffffffff580f78                ContextMenuIDList_ctor_MethodInfo = 0xffffffffff580f78
                0xffffffffff560900                ContextMenuIDList_ToArray_MethodInfo = 0xffffffffff560900
                0xffffffffff55a7d0                ContextMenuIDList_TypeInfo = 0xffffffffff55a7d0
                0xfffffffffe363b14                DAT_03a6bb14 = 0xfffffffffe363b14
                0xfffffffffe35f9b8                DAT_7103a679b8 = 0xfffffffffe35f9b8
                0xffffffffff5b366d                DAT_7104cbb66d = 0xffffffffff5b366d
                0xffffffffff5b4139                DAT_7104cbc139 = 0xffffffffff5b4139
                0xffffffffff5b6041                DAT_7104cbe041 = 0xffffffffff5b6041
                0xffffffffff5b7d50                DAT_7104cbfd50 = 0xffffffffff5b7d50
                0xffffffffff5b89ba                DAT_7104cc09ba = 0xffffffffff5b89ba
                0xfffffffffabb9c10                free = 0xfffffffffabb9c10
                0xffffffffff570828                handler_elec_checkFail = 0xffffffffff570828
                0xffffffffff5723b0                Handler_Karagenki_WazaPowMethodInfo = 0xffffffffff5723b0
                0xffffffffff5711c0                handler_pos_BatonTouch = 0xffffffffff5711c0
                0xffffffffff5711f8                handler_rainbow = 0xffffffffff5711f8
                0xffffffffff54d270                int_TypeInfo = 0xffffffffff54d270
                0xffffffffff5545c8                ItemUseConst_TypeInfo = 0xffffffffff5545c8
                0xfffffffffabb9bf0                malloc = 0xfffffffffabb9bf0
                0xffffffffff571da0                Method_handler_TetunoKobusi = 0xffffffffff571da0
                0xffffffffff76e300                MonsLv_Array_TypeInfo = 0xffffffffff76e300
                0xffffffffff551b58                PlayerWork_TypeInfo = 0xffffffffff551b58
                0xffffffffff473eb0                PTR_DAT_04b7beb0 = 0xffffffffff473eb0
                0xffffffffff477588                PTR_DAT_04b7f588 = 0xffffffffff477588
                0xffffffffff4d06f0                PTR_DAT_04bd86f0 = 0xffffffffff4d06f0
                0xffffffffff521e78                PTR_DAT_04c29e78 = 0xffffffffff521e78
                0xffffffffff522fd8                PTR_DAT_04c2afd8 = 0xffffffffff522fd8
                0xffffffffff522fe8                PTR_DAT_04c2afe8 = 0xffffffffff522fe8
                0xffffffffff523018                PTR_DAT_04c2b018 = 0xffffffffff523018
                0xffffffffff525f00                PTR_DAT_04c2df00 = 0xffffffffff525f00
                0xffffffffff4b28a8                PTR_DATA_04bba8a8 = 0xffffffffff4b28a8
                0xffffffffff522fe0                PTR_EvCmdCallWazaOmoidashiUi_b__1539_0 = 0xffffffffff522fe0
                0xffffffffff523028                PTR_EvCmdCallWazaOshieUi_b__0 = 0xffffffffff523028
                0xffffffffff4d0718                PTR_HashSet_Add_WazaNo_MethodInfo = 0xffffffffff4d0718
                0xffffffffff525f08                PTR_Method_PlayerWork_LoadBytes = 0xffffffffff525f08
                0xffffffffff521e90                PTR_OnCompleteAction_MethodInfo = 0xffffffffff521e90
                0xffffffffff47c1d0                PTR_OnCompleteAction_TypeInfo = 0xffffffffff47c1d0
                0xffffffffff47c1e0                PTR_OnCompleteActionCtor_MethodInfo = 0xffffffffff47c1e0
                0xffffffffff521e88                PTR_OnInputCheckFunc_MethodInfo = 0xffffffffff521e88
                0xffffffffff47c1b8                PTR_OnInputCheckFunc_TypeInfo = 0xffffffffff47c1b8
                0xffffffffff47c1c8                PTR_OnInputCheckFuncCtor_MethodInfo = 0xffffffffff47c1c8
                0xffffffffff4716f8                PTR_StringLiteral_398 = 0xffffffffff4716f8
                0xffffffffff48e2c8                PTR_StringLiteral_9185_SS_strinput_006 = 0xffffffffff48e2c8
                0xffffffffff48e2b8                PTR_StringLiteral_9186_SS_strinput_007 = 0xffffffffff48e2b8
                0xffffffffff48e2c0                PTR_StringLiteral_9187_SS_strinput_005 = 0xffffffffff48e2c0
                0xffffffffff473ea8                PTR_System_Action_WazaNo__WazaNo__o_ctor = 0xffffffffff473ea8
                0xffffffffff473e98                PTR_System_Action_WazaNo__WazaNo__TypeInfo = 0xffffffffff473e98
                0xffffffffff578068                ShowItemContextMenu_EndUseAction_MethodInfo = 0xffffffffff578068
                0xffffffffff5a3b30                StringLiteral_11167 = 0xffffffffff5a3b30
                0xffffffffff5a0070                StringLiteral_9287 = 0xffffffffff5a0070
                0xffffffffff57a180                System_Action_ContextMenuID__o_ctor_MethodInfo = 0xffffffffff57a180
                0xffffffffff55a7e0                System_Action_ContextMenuID_TypeInfo = 0xffffffffff55a7e0
                0xffffffffff54e040                System_Action_TypeInfo = 0xffffffffff54e040
                0xffffffffff54d2e0                System_Byte_array_TypeInfo = 0xffffffffff54d2e0
                0xffffffffff54d3e0                System_Int32_array_TypeInfo = 0xffffffffff54d3e0
                0xffffffffff54e388                System_Int64_array_TypeInfo = 0xffffffffff54e388
                0xffffffffff553488                ZukanWork_TypeInfo = 0xffffffffff553488
                0x0000000000000000                PROVIDE (__start__ = 0x0)
                0x0000000000000000                . = __start__
                0x0000000000000000                __code_start__ = .

.text           0x0000000000000000    0x2eef0
                0x0000000000000000                __text_start__ = .
 *(.text.crt0)
 .text.crt0     0x0000000000000000        0x8 CMakeFiles/bdspexefs.dir/src/crt0.s.obj
                0x0000000000000000                __module_start
 *(.text .text.*)
 *fill*         0x0000000000000008        0x8 
 .text.__do_global_dtors_aux
                0x0000000000000010       0x44 /opt/devkitpro/devkitA64/bin/../lib/gcc/aarch64-none-elf/13.2.0/pic/crtbegin.o
 *fill*         0x0000000000000054        0xc 
 .text.frame_dummy
                0x0000000000000060       0x24 /opt/devkitpro/devkitA64/bin/../lib/gcc/aarch64-none-elf/13.2.0/pic/crtbegin.o
 *fill*         0x0000000000000084        0xc 
 .text._ZNSt7__cxx1112basic_stringIcSt11char_traitsIcESaIcEE10_M_disposeEv
                0x0000000000000090       0x24 CMakeFiles/bdspexefs.dir/src/CoreParam.cpp.obj
                0x0000000000000090                std::__cxx11::basic_string<char, std::char_traits<char>, std::allocator<char> >::_M_dispose()
 *fill*         0x00000000000000b4        0xc 
 .text._Z14socket_log_fmtIJMN3Pml8PokePara8AccessorEFihP10MethodInfoEEEvRKNSt7__cxx1112basic_stringIcSt11char_traitsIcESaIcEEEDpT_
                0x00000000000000c0      0x118 CMakeFiles/bdspexefs.dir/src/CoreParam.cpp.obj
                0x00000000000000c0                void socket_log_fmt<int (Pml::PokePara::Accessor::*)(unsigned char, MethodInfo*)>(std::__cxx11::basic_string<char, std::char_traits<char>, std::allocator<char> > const&, int (Pml::PokePara::Accessor::*)(unsigned char, MethodInfo*))
 *fill*         0x00000000000001d8        0x8 
 .text._Z14socket_log_fmtIJiEEvRKNSt7__cxx1112basic_stringIcSt11char_traitsIcESaIcEEEDpT_
                0x00000000000001e0      0x10c CMakeFiles/bdspexefs.dir/src/CoreParam.cpp.obj
                0x00000000000001e0                void socket_log_fmt<int>(std::__cxx11::basic_string<char, std::char_traits<char>, std::allocator<char> > const&, int)
 *fill*         0x00000000000002ec        0x4 
 .text._Z14socket_log_fmtIJtEEvRKNSt7__cxx1112basic_stringIcSt11char_traitsIcESaIcEEEDpT_
                0x00000000000002f0      0x10c CMakeFiles/bdspexefs.dir/src/CoreParam.cpp.obj
                0x00000000000002f0                void socket_log_fmt<unsigned short>(std::__cxx11::basic_string<char, std::char_traits<char>, std::allocator<char> > const&, unsigned short)
 *fill*         0x00000000000003fc        0x4 
 .text._Z14socket_log_fmtIJPN6System11Collections7Generic17HashSet_WazaNo__oEEEvRKNSt7__cxx1112basic_stringIcSt11char_traitsIcESaIcEEEDpT_
                0x0000000000000400      0x10c CMakeFiles/bdspexefs.dir/src/CoreParam.cpp.obj
                0x0000000000000400                void socket_log_fmt<System::Collections::Generic::HashSet_WazaNo__o*>(std::__cxx11::basic_string<char, std::char_traits<char>, std::allocator<char> > const&, System::Collections::Generic::HashSet_WazaNo__o*)
 *fill*         0x000000000000050c        0x4 
 .text._Z14socket_log_fmtIJPN3Pml8PmlUse_oEEEvRKNSt7__cxx1112basic_stringIcSt11char_traitsIcESaIcEEEDpT_
                0x0000000000000510      0x10c CMakeFiles/bdspexefs.dir/src/CoreParam.cpp.obj
                0x0000000000000510                void socket_log_fmt<Pml::PmlUse_o*>(std::__cxx11::basic_string<char, std::char_traits<char>, std::allocator<char> > const&, Pml::PmlUse_o*)
 *fill*         0x000000000000061c        0x4 
 .text._Z14socket_log_fmtIJPN11XLSXContent11ItemTable_oEEEvRKNSt7__cxx1112basic_stringIcSt11char_traitsIcESaIcEEEDpT_
                0x0000000000000620      0x10c CMakeFiles/bdspexefs.dir/src/CoreParam.cpp.obj
                0x0000000000000620                void socket_log_fmt<XLSXContent::ItemTable_o*>(std::__cxx11::basic_string<char, std::char_traits<char>, std::allocator<char> > const&, XLSXContent::ItemTable_o*)
 *fill*         0x000000000000072c        0x4 
 .text._Z14socket_log_fmtIJPN6System5ArrayIPN11XLSXContent9ItemTable18SheetWazaMachine_oEEEEEvRKNSt7__cxx1112basic_stringIcSt11char_traitsIcESaIcEEEDpT_
                0x0000000000000730      0x10c CMakeFiles/bdspexefs.dir/src/CoreParam.cpp.obj
                0x0000000000000730                void socket_log_fmt<System::Array<XLSXContent::ItemTable::SheetWazaMachine_o*>*>(std::__cxx11::basic_string<char, std::char_traits<char>, std::allocator<char> > const&, System::Array<XLSXContent::ItemTable::SheetWazaMachine_o*>*)
 *fill*         0x000000000000083c        0x4 
 .text._Z14socket_log_fmtIJPN3Pml8PokePara8AccessorEEEvRKNSt7__cxx1112basic_stringIcSt11char_traitsIcESaIcEEEDpT_
                0x0000000000000840      0x10c CMakeFiles/bdspexefs.dir/src/CoreParam.cpp.obj
                0x0000000000000840                void socket_log_fmt<Pml::PokePara::Accessor*>(std::__cxx11::basic_string<char, std::char_traits<char>, std::allocator<char> > const&, Pml::PokePara::Accessor*)
 *fill*         0x000000000000094c        0x4 
 .text._Z14socket_log_fmtIJEEvRKNSt7__cxx1112basic_stringIcSt11char_traitsIcESaIcEEEDpT_
                0x0000000000000950      0x100 CMakeFiles/bdspexefs.dir/src/CoreParam.cpp.obj
                0x0000000000000950                void socket_log_fmt<>(std::__cxx11::basic_string<char, std::char_traits<char>, std::allocator<char> > const&)
 .text._ZN3Pml8PokePara9CoreParam21CollectRemindableWazaEP10MethodInfo
                0x0000000000000a50      0x4f8 CMakeFiles/bdspexefs.dir/src/CoreParam.cpp.obj
                0x0000000000000a50                Pml::PokePara::CoreParam::CollectRemindableWaza(MethodInfo*)
 *fill*         0x0000000000000f48        0x8 
 .text._Z31CoreParam_CollectRemindableWazaPN3Pml8PokePara9CoreParamEP10MethodInfo
                0x0000000000000f50        0x4 CMakeFiles/bdspexefs.dir/src/CoreParam.cpp.obj
                0x0000000000000f50                CoreParam_CollectRemindableWaza(Pml::PokePara::CoreParam*, MethodInfo*)
 *fill*         0x0000000000000f54        0xc 
 .text._ZN6System6String11CtorCharPtrEPt
                0x0000000000000f60       0x10 CMakeFiles/bdspexefs.dir/src/System.cpp.obj
                0x0000000000000f60                System::String::CtorCharPtr(unsigned short*)
 .text._ZN6System6String12CreateStringEPKc
                0x0000000000000f70       0x10 CMakeFiles/bdspexefs.dir/src/System.cpp.obj
                0x0000000000000f70                System::String::CreateString(char const*)
 .text._Z10socket_logPKc
                0x0000000000000f80       0x88 CMakeFiles/bdspexefs.dir/src/logger.cpp.obj
                0x0000000000000f80                socket_log(char const*)
 *fill*         0x0000000000001008        0x8 
 .text._Z16socket_read_charPc
                0x0000000000001010       0x9c CMakeFiles/bdspexefs.dir/src/logger.cpp.obj
                0x0000000000001010                socket_read_char(char*)
 *fill*         0x00000000000010ac        0x4 
 .text._Z21socket_log_initializev
                0x00000000000010b0       0xd4 CMakeFiles/bdspexefs.dir/src/logger.cpp.obj
                0x00000000000010b0                socket_log_initialize()
 *fill*         0x0000000000001184        0xc 
 .text._Z13tryInitSocketv
                0x0000000000001190       0x14 CMakeFiles/bdspexefs.dir/src/logger.cpp.obj
                0x0000000000001190                tryInitSocket()
 *fill*         0x00000000000011a4        0xc 
 .text._Z29checkForbidChangeEscapeCommonPN3Dpr6Battle5Logic12BTL_CLIENT_oEPNS1_15BTL_POKEPARAM_oEPhPtP10MethodInfo
                0x00000000000011b0       0x18 CMakeFiles/bdspexefs.dir/src/patches/ability_changes.cpp.obj
                0x00000000000011b0                checkForbidChangeEscapeCommon(Dpr::Battle::Logic::BTL_CLIENT_o*, Dpr::Battle::Logic::BTL_POKEPARAM_o*, unsigned char*, unsigned short*, MethodInfo*)
 *fill*         0x00000000000011c8        0x8 
 .text._Z33HandlerCuriousMedicineMemberInEvoPPN3Dpr6Battle5Logic30EventFactor_EventHandlerArgs_oEhP10MethodInfo
                0x00000000000011d0       0xac CMakeFiles/bdspexefs.dir/src/patches/ability_handlers.cpp.obj
                0x00000000000011d0                HandlerCuriousMedicineMemberInEvo(Dpr::Battle::Logic::EventFactor_EventHandlerArgs_o**, unsigned char, MethodInfo*)
 *fill*         0x000000000000127c        0x4 
 .text._Z29HandlerQuickDrawTurncheckDonePPN3Dpr6Battle5Logic30EventFactor_EventHandlerArgs_oEhP10MethodInfo
                0x0000000000001280       0x74 CMakeFiles/bdspexefs.dir/src/patches/ability_handlers.cpp.obj
                0x0000000000001280                HandlerQuickDrawTurncheckDone(Dpr::Battle::Logic::EventFactor_EventHandlerArgs_o**, unsigned char, MethodInfo*)
 *fill*         0x00000000000012f4        0xc 
 .text._Z33HandlerStanceChangeWazaCallDecidePPN3Dpr6Battle5Logic30EventFactor_EventHandlerArgs_oEhP10MethodInfo
                0x0000000000001300       0xfc CMakeFiles/bdspexefs.dir/src/patches/ability_handlers.cpp.obj
                0x0000000000001300                HandlerStanceChangeWazaCallDecide(Dpr::Battle::Logic::EventFactor_EventHandlerArgs_o**, unsigned char, MethodInfo*)
 *fill*         0x00000000000013fc        0x4 
 .text._Z30HandlerDragonsMawAttackerPowerPPN3Dpr6Battle5Logic30EventFactor_EventHandlerArgs_oEhP10MethodInfo
                0x0000000000001400       0x64 CMakeFiles/bdspexefs.dir/src/patches/ability_handlers.cpp.obj
                0x0000000000001400                HandlerDragonsMawAttackerPower(Dpr::Battle::Logic::EventFactor_EventHandlerArgs_o**, unsigned char, MethodInfo*)
 *fill*         0x0000000000001464        0xc 
 .text._Z40HandlerChillingNeighDamageprocEndHitRealPPN3Dpr6Battle5Logic30EventFactor_EventHandlerArgs_oEhP10MethodInfo
                0x0000000000001470       0x7c CMakeFiles/bdspexefs.dir/src/patches/ability_handlers.cpp.obj
                0x0000000000001470                HandlerChillingNeighDamageprocEndHitReal(Dpr::Battle::Logic::EventFactor_EventHandlerArgs_o**, unsigned char, MethodInfo*)
 *fill*         0x00000000000014ec        0x4 
 .text._Z36HandlerGrimNeighDamageprocEndHitRealPPN3Dpr6Battle5Logic30EventFactor_EventHandlerArgs_oEhP10MethodInfo
                0x00000000000014f0       0x7c CMakeFiles/bdspexefs.dir/src/patches/ability_handlers.cpp.obj
                0x00000000000014f0                HandlerGrimNeighDamageprocEndHitReal(Dpr::Battle::Logic::EventFactor_EventHandlerArgs_o**, unsigned char, MethodInfo*)
 *fill*         0x000000000000156c        0x4 
 .text._Z31HandlerQuickDrawCheckSpPriorityPPN3Dpr6Battle5Logic30EventFactor_EventHandlerArgs_oEhP10MethodInfo
                0x0000000000001570      0x14c CMakeFiles/bdspexefs.dir/src/patches/ability_handlers.cpp.obj
                0x0000000000001570                HandlerQuickDrawCheckSpPriority(Dpr::Battle::Logic::EventFactor_EventHandlerArgs_o**, unsigned char, MethodInfo*)
 *fill*         0x00000000000016bc        0x4 
 .text._Z30HandlerTransistorAttackerPowerPPN3Dpr6Battle5Logic30EventFactor_EventHandlerArgs_oEhP10MethodInfo
                0x00000000000016c0       0x64 CMakeFiles/bdspexefs.dir/src/patches/ability_handlers.cpp.obj
                0x00000000000016c0                HandlerTransistorAttackerPower(Dpr::Battle::Logic::EventFactor_EventHandlerArgs_o**, unsigned char, MethodInfo*)
 *fill*         0x0000000000001724        0xc 
 .text._Z13MultitypeTypej
                0x0000000000001730      0x108 CMakeFiles/bdspexefs.dir/src/patches/ability_handlers.cpp.obj
                0x0000000000001730                MultitypeType(unsigned int)
 *fill*         0x0000000000001838        0x8 
 .text._Z13RKSSystemTypej
                0x0000000000001840       0x18 CMakeFiles/bdspexefs.dir/src/patches/ability_handlers.cpp.obj
                0x0000000000001840                RKSSystemType(unsigned int)
 *fill*         0x0000000000001858        0x8 
 .text._Z7GetTypePN3Pml8PokePara9CoreParamEi
                0x0000000000001860       0x98 CMakeFiles/bdspexefs.dir/src/patches/ability_handlers.cpp.obj
                0x0000000000001860                GetType(Pml::PokePara::CoreParam*, int)
 *fill*         0x00000000000018f8        0x8 
 .text._Z31Pml_PokePara_CoreParam_GetType1PN3Pml8PokePara9CoreParamEP10MethodInfo
                0x0000000000001900        0x8 CMakeFiles/bdspexefs.dir/src/patches/ability_handlers.cpp.obj
                0x0000000000001900                Pml_PokePara_CoreParam_GetType1(Pml::PokePara::CoreParam*, MethodInfo*)
 *fill*         0x0000000000001908        0x8 
 .text._Z31Pml_PokePara_CoreParam_GetType2PN3Pml8PokePara9CoreParamEP10MethodInfo
                0x0000000000001910        0x8 CMakeFiles/bdspexefs.dir/src/patches/ability_handlers.cpp.obj
                0x0000000000001910                Pml_PokePara_CoreParam_GetType2(Pml::PokePara::CoreParam*, MethodInfo*)
 *fill*         0x0000000000001918        0x8 
 .text._Z58Dpr_Battle_Logic_Section_CheckNotEffect_Guard_check_MamoruPN3Dpr6Battle5Logic30Section_CheckNotEffect_Guard_oEPNS1_15BTL_POKEPARAM_oEPNS1_11WazaParam_oEPNS1_11DmgAffRec_oEPNS1_9PokeSet_oEP10MethodInfo
                0x0000000000001920      0x1bc CMakeFiles/bdspexefs.dir/src/patches/ability_handlers.cpp.obj
                0x0000000000001920                Dpr_Battle_Logic_Section_CheckNotEffect_Guard_check_Mamoru(Dpr::Battle::Logic::Section_CheckNotEffect_Guard_o*, Dpr::Battle::Logic::BTL_POKEPARAM_o*, Dpr::Battle::Logic::WazaParam_o*, Dpr::Battle::Logic::DmgAffRec_o*, Dpr::Battle::Logic::PokeSet_o*, MethodInfo*)
 *fill*         0x0000000000001adc        0x4 
 .text._Z49Dpr_Battle_Logic_Handler_Tokusei_handler_SimerikePPN3Dpr6Battle5Logic30EventFactor_EventHandlerArgs_oEhP10MethodInfo
                0x0000000000001ae0       0xb8 CMakeFiles/bdspexefs.dir/src/patches/ability_handlers.cpp.obj
                0x0000000000001ae0                Dpr_Battle_Logic_Handler_Tokusei_handler_Simerike(Dpr::Battle::Logic::EventFactor_EventHandlerArgs_o**, unsigned char, MethodInfo*)
 *fill*         0x0000000000001b98        0x8 
 .text._Z24HandlerForecastGetFormIDPPN3Dpr6Battle5Logic30EventFactor_EventHandlerArgs_oEh
                0x0000000000001ba0       0xc4 CMakeFiles/bdspexefs.dir/src/patches/ability_handlers.cpp.obj
                0x0000000000001ba0                HandlerForecastGetFormID(Dpr::Battle::Logic::EventFactor_EventHandlerArgs_o**, unsigned char)
 *fill*         0x0000000000001c64        0xc 
 .text._Z25HandlerForecastGetFormID0PPN3Dpr6Battle5Logic30EventFactor_EventHandlerArgs_oEh
                0x0000000000001c70       0x1c CMakeFiles/bdspexefs.dir/src/patches/ability_handlers.cpp.obj
                0x0000000000001c70                HandlerForecastGetFormID0(Dpr::Battle::Logic::EventFactor_EventHandlerArgs_o**, unsigned char)
 *fill*         0x0000000000001c8c        0x4 
 .text._Z25HandlerForecastAtkprocEndPPN3Dpr6Battle5Logic30EventFactor_EventHandlerArgs_oEhP10MethodInfo
                0x0000000000001c90       0xac CMakeFiles/bdspexefs.dir/src/patches/ability_handlers.cpp.obj
                0x0000000000001c90                HandlerForecastAtkprocEnd(Dpr::Battle::Logic::EventFactor_EventHandlerArgs_o**, unsigned char, MethodInfo*)
 *fill*         0x0000000000001d3c        0x4 
 .text._Z27HandlerForecastMemberInCompPPN3Dpr6Battle5Logic30EventFactor_EventHandlerArgs_oEhP10MethodInfo
                0x0000000000001d40       0xa8 CMakeFiles/bdspexefs.dir/src/patches/ability_handlers.cpp.obj
                0x0000000000001d40                HandlerForecastMemberInComp(Dpr::Battle::Logic::EventFactor_EventHandlerArgs_o**, unsigned char, MethodInfo*)
 *fill*         0x0000000000001de8        0x8 
 .text._Z29HandlerForecastTokuseiDisablePPN3Dpr6Battle5Logic30EventFactor_EventHandlerArgs_oEhP10MethodInfo
                0x0000000000001df0       0x60 CMakeFiles/bdspexefs.dir/src/patches/ability_handlers.cpp.obj
                0x0000000000001df0                HandlerForecastTokuseiDisable(Dpr::Battle::Logic::EventFactor_EventHandlerArgs_o**, unsigned char, MethodInfo*)
 .text._Z28HandlerForecastNotifyAirlockPPN3Dpr6Battle5Logic30EventFactor_EventHandlerArgs_oEhP10MethodInfo
                0x0000000000001e50       0x5c CMakeFiles/bdspexefs.dir/src/patches/ability_handlers.cpp.obj
                0x0000000000001e50                HandlerForecastNotifyAirlock(Dpr::Battle::Logic::EventFactor_EventHandlerArgs_o**, unsigned char, MethodInfo*)
 *fill*         0x0000000000001eac        0x4 
 .text._Z34HandlerForecastChangeTokuseiBeforePPN3Dpr6Battle5Logic30EventFactor_EventHandlerArgs_oEhP10MethodInfo
                0x0000000000001eb0       0xa0 CMakeFiles/bdspexefs.dir/src/patches/ability_handlers.cpp.obj
                0x0000000000001eb0                HandlerForecastChangeTokuseiBefore(Dpr::Battle::Logic::EventFactor_EventHandlerArgs_o**, unsigned char, MethodInfo*)
 .text._Z33HandlerForecastChangeTokuseiAfterPPN3Dpr6Battle5Logic30EventFactor_EventHandlerArgs_oEhP10MethodInfo
                0x0000000000001f50       0x4c CMakeFiles/bdspexefs.dir/src/patches/ability_handlers.cpp.obj
                0x0000000000001f50                HandlerForecastChangeTokuseiAfter(Dpr::Battle::Logic::EventFactor_EventHandlerArgs_o**, unsigned char, MethodInfo*)
 *fill*         0x0000000000001f9c        0x4 
 .text._Z26HandlerFlowerGiftGetFormIDPPN3Dpr6Battle5Logic30EventFactor_EventHandlerArgs_oEh
                0x0000000000001fa0       0x58 CMakeFiles/bdspexefs.dir/src/patches/ability_handlers.cpp.obj
                0x0000000000001fa0                HandlerFlowerGiftGetFormID(Dpr::Battle::Logic::EventFactor_EventHandlerArgs_o**, unsigned char)
 *fill*         0x0000000000001ff8        0x8 
 .text._Z27HandlerFlowerGiftGetFormID0PPN3Dpr6Battle5Logic30EventFactor_EventHandlerArgs_oEh
                0x0000000000002000       0x1c CMakeFiles/bdspexefs.dir/src/patches/ability_handlers.cpp.obj
                0x0000000000002000                HandlerFlowerGiftGetFormID0(Dpr::Battle::Logic::EventFactor_EventHandlerArgs_o**, unsigned char)
 *fill*         0x000000000000201c        0x4 
 .text._Z27HandlerFlowerGiftAtkprocEndPPN3Dpr6Battle5Logic30EventFactor_EventHandlerArgs_oEhP10MethodInfo
                0x0000000000002020       0xac CMakeFiles/bdspexefs.dir/src/patches/ability_handlers.cpp.obj
                0x0000000000002020                HandlerFlowerGiftAtkprocEnd(Dpr::Battle::Logic::EventFactor_EventHandlerArgs_o**, unsigned char, MethodInfo*)
 *fill*         0x00000000000020cc        0x4 
 .text._Z29HandlerFlowerGiftMemberInCompPPN3Dpr6Battle5Logic30EventFactor_EventHandlerArgs_oEhP10MethodInfo
                0x00000000000020d0       0xa8 CMakeFiles/bdspexefs.dir/src/patches/ability_handlers.cpp.obj
                0x00000000000020d0                HandlerFlowerGiftMemberInComp(Dpr::Battle::Logic::EventFactor_EventHandlerArgs_o**, unsigned char, MethodInfo*)
 *fill*         0x0000000000002178        0x8 
 .text._Z31HandlerFlowerGiftTokuseiDisablePPN3Dpr6Battle5Logic30EventFactor_EventHandlerArgs_oEhP10MethodInfo
                0x0000000000002180       0x74 CMakeFiles/bdspexefs.dir/src/patches/ability_handlers.cpp.obj
                0x0000000000002180                HandlerFlowerGiftTokuseiDisable(Dpr::Battle::Logic::EventFactor_EventHandlerArgs_o**, unsigned char, MethodInfo*)
 *fill*         0x00000000000021f4        0xc 
 .text._Z30HandlerFlowerGiftNotifyAirlockPPN3Dpr6Battle5Logic30EventFactor_EventHandlerArgs_oEhP10MethodInfo
                0x0000000000002200       0x5c CMakeFiles/bdspexefs.dir/src/patches/ability_handlers.cpp.obj
                0x0000000000002200                HandlerFlowerGiftNotifyAirlock(Dpr::Battle::Logic::EventFactor_EventHandlerArgs_o**, unsigned char, MethodInfo*)
 *fill*         0x000000000000225c        0x4 
 .text._Z36HandlerFlowerGiftChangeTokuseiBeforePPN3Dpr6Battle5Logic30EventFactor_EventHandlerArgs_oEhP10MethodInfo
                0x0000000000002260       0xac CMakeFiles/bdspexefs.dir/src/patches/ability_handlers.cpp.obj
                0x0000000000002260                HandlerFlowerGiftChangeTokuseiBefore(Dpr::Battle::Logic::EventFactor_EventHandlerArgs_o**, unsigned char, MethodInfo*)
 *fill*         0x000000000000230c        0x4 
 .text._Z35HandlerFlowerGiftChangeTokuseiAfterPPN3Dpr6Battle5Logic30EventFactor_EventHandlerArgs_oEhP10MethodInfo
                0x0000000000002310       0x4c CMakeFiles/bdspexefs.dir/src/patches/ability_handlers.cpp.obj
                0x0000000000002310                HandlerFlowerGiftChangeTokuseiAfter(Dpr::Battle::Logic::EventFactor_EventHandlerArgs_o**, unsigned char, MethodInfo*)
 *fill*         0x000000000000235c        0x4 
 .text._Z23HandlerZenModeGetFormIDPN3Dpr6Battle5Logic15BTL_POKEPARAM_oE
                0x0000000000002360       0x5c CMakeFiles/bdspexefs.dir/src/patches/ability_handlers.cpp.obj
                0x0000000000002360                HandlerZenModeGetFormID(Dpr::Battle::Logic::BTL_POKEPARAM_o*)
 *fill*         0x00000000000023bc        0x4 
 .text._Z26HandlerZenModeMemberInCompPPN3Dpr6Battle5Logic30EventFactor_EventHandlerArgs_oEhP10MethodInfo
                0x00000000000023c0       0xa0 CMakeFiles/bdspexefs.dir/src/patches/ability_handlers.cpp.obj
                0x00000000000023c0                HandlerZenModeMemberInComp(Dpr::Battle::Logic::EventFactor_EventHandlerArgs_o**, unsigned char, MethodInfo*)
 .text._Z27HandlerZenModeTurncheckDonePPN3Dpr6Battle5Logic30EventFactor_EventHandlerArgs_oEhP10MethodInfo